Component: Arm Compiler for Embedded 6.19 Tool: armlink [5e73cb00]

==============================================================================

Section Cross References

    startup_stm32l053xx.o(STACK) refers (Special) to heapauxi.o(.text) for __use_two_region_memory
    startup_stm32l053xx.o(HEAP) refers (Special) to heapauxi.o(.text) for __use_two_region_memory
    startup_stm32l053xx.o(RESET) refers (Special) to heapauxi.o(.text) for __use_two_region_memory
    startup_stm32l053xx.o(RESET) refers to startup_stm32l053xx.o(STACK) for __initial_sp
    startup_stm32l053xx.o(RESET) refers to startup_stm32l053xx.o(.text) for Reset_Handler
    startup_stm32l053xx.o(RESET) refers to stm32l0xx_it.o(.text.NMI_Handler) for NMI_Handler
    startup_stm32l053xx.o(RESET) refers to stm32l0xx_it.o(.text.HardFault_Handler) for HardFault_Handler
    startup_stm32l053xx.o(RESET) refers to stm32l0xx_it.o(.text.SVC_Handler) for SVC_Handler
    startup_stm32l053xx.o(RESET) refers to stm32l0xx_it.o(.text.PendSV_Handler) for PendSV_Handler
    startup_stm32l053xx.o(RESET) refers to stm32l0xx_it.o(.text.SysTick_Handler) for SysTick_Handler
    startup_stm32l053xx.o(RESET) refers to stm32l0xx_it.o(.text.EXTI0_1_IRQHandler) for EXTI0_1_IRQHandler
    startup_stm32l053xx.o(RESET) refers to stm32l0xx_it.o(.text.TIM21_IRQHandler) for TIM21_IRQHandler
    startup_stm32l053xx.o(.text) refers (Special) to heapauxi.o(.text) for __use_two_region_memory
    startup_stm32l053xx.o(.text) refers to system_stm32l0xx.o(.text.SystemInit) for SystemInit
    startup_stm32l053xx.o(.text) refers to __main.o(!!!main) for __main
    startup_stm32l053xx.o(.text) refers to startup_stm32l053xx.o(HEAP) for Heap_Mem
    startup_stm32l053xx.o(.text) refers to startup_stm32l053xx.o(STACK) for Stack_Mem
    main.o(.text) refers (Special) to _printf_percent.o(.ARM.Collect$$_printf_percent$$00000000) for _printf_percent
    main.o(.text) refers (Special) to _printf_d.o(.ARM.Collect$$_printf_percent$$00000009) for _printf_d
    main.o(.text) refers (Special) to _printf_f.o(.ARM.Collect$$_printf_percent$$00000003) for _printf_f
    main.o(.text) refers (Special) to _printf_dec.o(.text) for _printf_int_dec
    main.o(.text) refers (Special) to printf1.o(x$fpl$printf1) for _printf_fp_dec
    main.o(.text.main) refers (Special) to _printf_percent.o(.ARM.Collect$$_printf_percent$$00000000) for _printf_percent
    main.o(.text.main) refers (Special) to _printf_d.o(.ARM.Collect$$_printf_percent$$00000009) for _printf_d
    main.o(.text.main) refers (Special) to _printf_f.o(.ARM.Collect$$_printf_percent$$00000003) for _printf_f
    main.o(.text.main) refers (Special) to _printf_dec.o(.text) for _printf_int_dec
    main.o(.text.main) refers (Special) to printf1.o(x$fpl$printf1) for _printf_fp_dec
    main.o(.text.main) refers to stm32l0xx_hal.o(.text.HAL_Init) for HAL_Init
    main.o(.text.main) refers to stm32l0xx_hal_rcc.o(.text.HAL_RCC_OscConfig) for HAL_RCC_OscConfig
    main.o(.text.main) refers to stm32l0xx_hal_rcc.o(.text.HAL_RCC_ClockConfig) for HAL_RCC_ClockConfig
    main.o(.text.main) refers to stm32l0xx_hal_rcc_ex.o(.text.HAL_RCCEx_PeriphCLKConfig) for HAL_RCCEx_PeriphCLKConfig
    main.o(.text.main) refers to stm32l0xx_hal_gpio.o(.text.HAL_GPIO_WritePin) for HAL_GPIO_WritePin
    main.o(.text.main) refers to stm32l0xx_hal_gpio.o(.text.HAL_GPIO_Init) for HAL_GPIO_Init
    main.o(.text.main) refers to stm32l0xx_hal_cortex.o(.text.HAL_NVIC_SetPriority) for HAL_NVIC_SetPriority
    main.o(.text.main) refers to stm32l0xx_hal_cortex.o(.text.HAL_NVIC_EnableIRQ) for HAL_NVIC_EnableIRQ
    main.o(.text.main) refers to stm32l0xx_hal_tim.o(.text.HAL_TIM_Base_Init) for HAL_TIM_Base_Init
    main.o(.text.main) refers to stm32l0xx_hal_tim.o(.text.HAL_TIM_ConfigClockSource) for HAL_TIM_ConfigClockSource
    main.o(.text.main) refers to stm32l0xx_hal_tim_ex.o(.text.HAL_TIMEx_MasterConfigSynchronization) for HAL_TIMEx_MasterConfigSynchronization
    main.o(.text.main) refers to stm32l0xx_hal_adc.o(.text.HAL_ADC_Init) for HAL_ADC_Init
    main.o(.text.main) refers to stm32l0xx_hal_adc.o(.text.HAL_ADC_ConfigChannel) for HAL_ADC_ConfigChannel
    main.o(.text.main) refers to stm32l0xx_hal_i2c.o(.text.HAL_I2C_Init) for HAL_I2C_Init
    main.o(.text.main) refers to stm32l0xx_hal_i2c_ex.o(.text.HAL_I2CEx_ConfigAnalogFilter) for HAL_I2CEx_ConfigAnalogFilter
    main.o(.text.main) refers to stm32l0xx_hal_i2c_ex.o(.text.HAL_I2CEx_ConfigDigitalFilter) for HAL_I2CEx_ConfigDigitalFilter
    main.o(.text.main) refers to stm32l0xx_hal_tim.o(.text.HAL_TIM_PWM_Init) for HAL_TIM_PWM_Init
    main.o(.text.main) refers to stm32l0xx_hal_tim.o(.text.HAL_TIM_PWM_ConfigChannel) for HAL_TIM_PWM_ConfigChannel
    main.o(.text.main) refers to stm32l0xx_hal_msp.o(.text.HAL_TIM_MspPostInit) for HAL_TIM_MspPostInit
    main.o(.text.main) refers to stm32l0xx_hal_tim.o(.text.HAL_TIM_Base_Start_IT) for HAL_TIM_Base_Start_IT
[...]
    ../clib/printf.c                         0x00000000   Number         0  __printf_wp.o ABSOLUTE
    ../clib/printf.c                         0x00000000   Number         0  __printf_flags_wp.o ABSOLUTE
    ../clib/printf.c                         0x00000000   Number         0  __printf_ss_wp.o ABSOLUTE
    ../clib/printf.c                         0x00000000   Number         0  __printf_flags_ss_wp.o ABSOLUTE
    ../clib/printf.c                         0x00000000   Number         0  _printf_intcommon.o ABSOLUTE
    ../clib/printf.c                         0x00000000   Number         0  _printf_fp_dec.o ABSOLUTE
    ../clib/printf.c                         0x00000000   Number         0  _printf_fp_dec_accurate.o ABSOLUTE
    ../clib/printf.c                         0x00000000   Number         0  _printf_char_common.o ABSOLUTE
    ../clib/printf.c                         0x00000000   Number         0  _sputc.o ABSOLUTE
    ../clib/printf.c                         0x00000000   Number         0  _printf_fp_infnan.o ABSOLUTE
    ../clib/printf.c                         0x00000000   Number         0  __printf_nopercent.o ABSOLUTE
    ../clib/printf_percent.s                 0x00000000   Number         0  _printf_d.o ABSOLUTE
    ../clib/printf_percent.s                 0x00000000   Number         0  _printf_f.o ABSOLUTE
    ../clib/printf_percent.s                 0x00000000   Number         0  _printf_percent.o ABSOLUTE
    ../clib/printf_percent.s                 0x00000000   Number         0  _printf_percent_end.o ABSOLUTE
    ../clib/signal.c                         0x00000000   Number         0  defsig_fpe_outer.o ABSOLUTE
    ../clib/signal.c                         0x00000000   Number         0  defsig_fpe_formal.o ABSOLUTE
    ../clib/signal.c                         0x00000000   Number         0  defsig_exit.o ABSOLUTE
    ../clib/signal.c                         0x00000000   Number         0  defsig_fpe_inner.o ABSOLUTE
    ../clib/signal.c                         0x00000000   Number         0  __raise.o ABSOLUTE
    ../clib/signal.c                         0x00000000   Number         0  defsig_general.o ABSOLUTE
    ../clib/signal.c                         0x00000000   Number         0  defsig_rtmem_outer.o ABSOLUTE
    ../clib/signal.c                         0x00000000   Number         0  defsig_rtmem_formal.o ABSOLUTE
    ../clib/signal.c                         0x00000000   Number         0  defsig_abrt_inner.o ABSOLUTE
    ../clib/signal.c                         0x00000000   Number         0  defsig_rtred_inner.o ABSOLUTE
    ../clib/signal.c                         0x00000000   Number         0  defsig_rtmem_inner.o ABSOLUTE
    ../clib/signal.c                         0x00000000   Number         0  defsig_stak_inner.o ABSOLUTE
    ../clib/signal.c                         0x00000000   Number         0  defsig_pvfn_inner.o ABSOLUTE
    ../clib/signal.c                         0x00000000   Number         0  defsig_cppl_inner.o ABSOLUTE
    ../clib/signal.c                         0x00000000   Number         0  defsig_segv_inner.o ABSOLUTE
    ../clib/signal.c                         0x00000000   Number         0  defsig_other.o ABSOLUTE
    ../clib/signal.s                         0x00000000   Number         0  defsig.o ABSOLUTE
    ../clib/stdlib.c                         0x00000000   Number         0  exit.o ABSOLUTE
    ../fplib/cfplib/d2f.c                    0x00000000   Number         0  d2f.o ABSOLUTE
    ../fplib/cfplib/dmul.c                   0x00000000   Number         0  dmul.o ABSOLUTE
    ../fplib/cfplib/f2d.c                    0x00000000   Number         0  f2d.o ABSOLUTE
    ../fplib/cfplib/ffix.c                   0x00000000   Number         0  dfixi.o ABSOLUTE
    ../fplib/cfplib/fflt.c                   0x00000000   Number         0  dflti.o ABSOLUTE
    ../fplib/cfplib/fpinit.c                 0x00000000   Number         0  fpinit.o ABSOLUTE
    ../fplib/cfplib/ieee_status.c            0x00000000   Number         0  ieee_status.o ABSOLUTE
    ../fplib/printf1.s                       0x00000000   Number         0  printf1.o ABSOLUTE
    ../fplib/usenofp.s                       0x00000000   Number         0  usenofp.o ABSOLUTE
    ../mathlib/fpclassify.c                  0x00000000   Number         0  fpclassify.o ABSOLUTE
    IIC_1602.c                               0x00000000   Number         0  iic_1602.o ABSOLUTE
    dc.s                                     0x00000000   Number         0  dc.o ABSOLUTE
    main.c                                   0x00000000   Number         0  main.o ABSOLUTE
    startup_stm32l053xx.s                    0x00000000   Number         0  startup_stm32l053xx.o ABSOLUTE
    stm32l0xx_hal.c                          0x00000000   Number         0  stm32l0xx_hal.o ABSOLUTE
    stm32l0xx_hal_adc.c                      0x00000000   Number         0  stm32l0xx_hal_adc.o ABSOLUTE
    stm32l0xx_hal_adc_ex.c                   0x00000000   Number         0  stm32l0xx_hal_adc_ex.o ABSOLUTE
    stm32l0xx_hal_cortex.c                   0x00000000   Number         0  stm32l0xx_hal_cortex.o ABSOLUTE
    stm32l0xx_hal_dma.c                      0x00000000   Number         0  stm32l0xx_hal_dma.o ABSOLUTE
    stm32l0xx_hal_exti.c                     0x00000000   Number         0  stm32l0xx_hal_exti.o ABSOLUTE
    stm32l0xx_hal_flash.c                    0x00000000   Number         0  stm32l0xx_hal_flash.o ABSOLUTE
    stm32l0xx_hal_flash_ex.c                 0x00000000   Number         0  stm32l0xx_hal_flash_ex.o ABSOLUTE
    stm32l0xx_hal_flash_ramfunc.c            0x00000000   Number         0  stm32l0xx_hal_flash_ramfunc.o ABSOLUTE
    stm32l0xx_hal_gpio.c                     0x00000000   Number         0  stm32l0xx_hal_gpio.o ABSOLUTE
    stm32l0xx_hal_i2c.c                      0x00000000   Number         0  stm32l0xx_hal_i2c.o ABSOLUTE
    stm32l0xx_hal_i2c_ex.c                   0x00000000   Number         0  stm32l0xx_hal_i2c_ex.o ABSOLUTE
    stm32l0xx_hal_msp.c                      0x00000000   Number         0  stm32l0xx_hal_msp.o ABSOLUTE
    stm32l0xx_hal_pwr.c                      0x00000000   Number         0  stm32l0xx_hal_pwr.o ABSOLUTE
    stm32l0xx_hal_pwr_ex.c                   0x00000000   Number         0  stm32l0xx_hal_pwr_ex.o ABSOLUTE
    stm32l0xx_hal_rcc.c                      0x00000000   Number         0  stm32l0xx_hal_rcc.o ABSOLUTE
    stm32l0xx_hal_rcc_ex.c                   0x00000000   Number         0  stm32l0xx_hal_rcc_ex.o ABSOLUTE
    stm32l0xx_hal_tim.c                      0x00000000   Number         0  stm32l0xx_hal_tim.o ABSOLUTE
    stm32l0xx_hal_tim_ex.c                   0x00000000   Number         0  stm32l0xx_hal_tim_ex.o ABSOLUTE
    stm32l0xx_it.c                           0x00000000   Number         0  stm32l0xx_it.o ABSOLUTE
    system_stm32l0xx.c                       0x00000000   Number         0  system_stm32l0xx.o ABSOLUTE
    RESET                                    0x08000000   Section      192  startup_stm32l053xx.o(RESET)
    !!!main                                  0x080000c0   Section        8  __main.o(!!!main)
    !!!scatter                               0x080000c8   Section       60  __scatter.o(!!!scatter)
    !!handler_copy                           0x08000104   Section       26  __scatter_copy.o(!!handler_copy)
    !!handler_zi                             0x08000120   Section       28  __scatter_zi.o(!!handler_zi)
    .ARM.Collect$$_printf_percent$$00000000  0x0800013c   Section        2  _printf_percent.o(.ARM.Collect$$_printf_percent$$00000000)
    .ARM.Collect$$_printf_percent$$00000003  0x0800013e   Section       10  _printf_f.o(.ARM.Collect$$_printf_percent$$00000003)
    .ARM.Collect$$_printf_percent$$00000009  0x08000148   Section       10  _printf_d.o(.ARM.Collect$$_printf_percent$$00000009)
    .ARM.Collect$$_printf_percent$$00000017  0x08000152   Section        4  _printf_percent_end.o(.ARM.Collect$$_printf_percent$$00000017)
    .ARM.Collect$$libinit$$00000000          0x08000156   Section        2  libinit.o(.ARM.Collect$$libinit$$00000000)
    .ARM.Collect$$libinit$$00000002          0x08000158   Section        0  libinit2.o(.ARM.Collect$$libinit$$00000002)
    .ARM.Collect$$libinit$$00000004          0x08000158   Section        0  libinit2.o(.ARM.Collect$$libinit$$00000004)
    .ARM.Collect$$libinit$$00000006          0x08000158   Section        0  libinit2.o(.ARM.Collect$$libinit$$00000006)
    .ARM.Collect$$libinit$$0000000C          0x08000158   Section        0  libinit2.o(.ARM.Collect$$libinit$$0000000C)
    .ARM.Collect$$libinit$$0000000E          0x08000158   Section        0  libinit2.o(.ARM.Collect$$libinit$$0000000E)
    .ARM.Collect$$libinit$$00000010          0x08000158   Section        0  libinit2.o(.ARM.Collect$$libinit$$00000010)
    .ARM.Collect$$libinit$$00000011          0x08000158   Section        6  libinit2.o(.ARM.Collect$$libinit$$00000011)
    .ARM.Collect$$libinit$$00000013          0x0800015e   Section        0  libinit2.o(.ARM.Collect$$libinit$$00000013)
    .ARM.Collect$$libinit$$00000015          0x0800015e   Section        0  libinit2.o(.ARM.Collect$$libinit$$00000015)
    .ARM.Collect$$libinit$$00000017          0x0800015e   Section        0  libinit2.o(.ARM.Collect$$libinit$$00000017)
    .ARM.Collect$$libinit$$00000018          0x0800015e   Section       10  libinit2.o(.ARM.Collect$$libinit$$00000018)
    .ARM.Collect$$libinit$$00000019          0x08000168   Section        0  libinit2.o(.ARM.Collect$$libinit$$00000019)
    .ARM.Collect$$libinit$$0000001B          0x08000168   Section        0  libinit2.o(.ARM.Collect$$libinit$$0000001B)
    .ARM.Collect$$libinit$$0000001D          0x08000168   Section        0  libinit2.o(.ARM.Collect$$libinit$$0000001D)
    .ARM.Collect$$libinit$$0000001F          0x08000168   Section        0  libinit2.o(.ARM.Collect$$libinit$$0000001F)
    .ARM.Collect$$libinit$$00000021          0x08000168   Section        0  libinit2.o(.ARM.Collect$$libinit$$00000021)
    .ARM.Collect$$libinit$$00000023          0x08000168   Section        0  libinit2.o(.ARM.Collect$$libinit$$00000023)
    .ARM.Collect$$libinit$$00000025          0x08000168   Section        0  libinit2.o(.ARM.Collect$$libinit$$00000025)
    .ARM.Collect$$libinit$$00000027          0x08000168   Section        0  libinit2.o(.ARM.Collect$$libinit$$00000027)
    .ARM.Collect$$libinit$$0000002E          0x08000168   Section        0  libinit2.o(.ARM.Collect$$libinit$$0000002E)
    .ARM.Collect$$libinit$$00000030          0x08000168   Section        0  libinit2.o(.ARM.Collect$$libinit$$00000030)
    .ARM.Collect$$libinit$$00000032          0x08000168   Section        0  libinit2.o(.ARM.Collect$$libinit$$00000032)
    .ARM.Collect$$libinit$$00000034          0x08000168   Section        0  libinit2.o(.ARM.Collect$$libinit$$00000034)
    .ARM.Collect$$libinit$$00000035          0x08000168   Section        2  libinit2.o(.ARM.Collect$$libinit$$00000035)
    .ARM.Collect$$libshutdown$$00000000      0x0800016a   Section        2  libshutdown.o(.ARM.Collect$$libshutdown$$00000000)
    .ARM.Collect$$libshutdown$$00000002      0x0800016c   Section        0  libshutdown2.o(.ARM.Collect$$libshutdown$$00000002)
    .ARM.Collect$$libshutdown$$00000004      0x0800016c   Section        0  libshutdown2.o(.ARM.Collect$$libshutdown$$00000004)
    .ARM.Collect$$libshutdown$$00000007      0x0800016c   Section        0  libshutdown2.o(.ARM.Collect$$libshutdown$$00000007)
    .ARM.Collect$$libshutdown$$0000000A      0x0800016c   Section        0  libshutdown2.o(.ARM.Collect$$libshutdown$$0000000A)
    .ARM.Collect$$libshutdown$$0000000C      0x0800016c   Section        0  libshutdown2.o(.ARM.Collect$$libshutdown$$0000000C)
    .ARM.Collect$$libshutdown$$0000000F      0x0800016c   Section        0  libshutdown2.o(.ARM.Collect$$libshutdown$$0000000F)
    .ARM.Collect$$libshutdown$$00000010      0x0800016c   Section        2  libshutdown2.o(.ARM.Collect$$libshutdown$$00000010)
    .ARM.Collect$$rtentry$$00000000          0x0800016e   Section        0  __rtentry.o(.ARM.Collect$$rtentry$$00000000)
    .ARM.Collect$$rtentry$$00000002          0x0800016e   Section        0  __rtentry2.o(.ARM.Collect$$rtentry$$00000002)
    .ARM.Collect$$rtentry$$00000004          0x0800016e   Section        6  __rtentry4.o(.ARM.Collect$$rtentry$$00000004)
    .ARM.Collect$$rtentry$$00000009          0x08000174   Section        0  __rtentry2.o(.ARM.Collect$$rtentry$$00000009)
    .ARM.Collect$$rtentry$$0000000A          0x08000174   Section        4  __rtentry2.o(.ARM.Collect$$rtentry$$0000000A)
    .ARM.Collect$$rtentry$$0000000C          0x08000178   Section        0  __rtentry2.o(.ARM.Collect$$rtentry$$0000000C)
    .ARM.Collect$$rtentry$$0000000D          0x08000178   Section        8  __rtentry2.o(.ARM.Collect$$rtentry$$0000000D)
    .ARM.Collect$$rtexit$$00000000           0x08000180   Section        2  rtexit.o(.ARM.Collect$$rtexit$$00000000)
    .ARM.Collect$$rtexit$$00000002           0x08000182   Section        0  rtexit2.o(.ARM.Collect$$rtexit$$00000002)
    .ARM.Collect$$rtexit$$00000003           0x08000182   Section        4  rtexit2.o(.ARM.Collect$$rtexit$$00000003)
    .ARM.Collect$$rtexit$$00000004           0x08000186   Section        6  rtexit2.o(.ARM.Collect$$rtexit$$00000004)
    .emb_text                                0x0800018c   Section       56  rt_memcpy.o(.emb_text)
    .text                                    0x080001c4   Section       56  startup_stm32l053xx.o(.text)
    .text                                    0x080001fc   Section        0  noretval__2sprintf.o(.text)
    .text                                    0x08000224   Section        0  _printf_dec.o(.text)
    .text                                    0x08000290   Section        0  __printf_wp.o(.text)
    .text                                    0x080003a0   Section      504  aeabi_sdivfast.o(.text)
    .text                                    0x08000598   Section        0  heapauxi.o(.text)
    .text                                    0x080005a0   Section        0  d2f.o(.text)
    .text                                    0x0800061c   Section        0  dfixi.o(.text)
    .text                                    0x08000688   Section        0  dflti.o(.text)
    .text                                    0x080006e0   Section        0  dmul.o(.text)
    .text                                    0x08000928   Section        0  f2d.o(.text)
    .text                                    0x0800097c   Section        0  _printf_intcommon.o(.text)
    _fp_digits                               0x08000a2d   Thumb Code   412  _printf_fp_dec.o(.text)
    .text                                    0x08000a2c   Section        0  _printf_fp_dec.o(.text)
    _printf_input_char                       0x08000e41   Thumb Code    10  _printf_char_common.o(.text)
    .text                                    0x08000e40   Section        0  _printf_char_common.o(.text)
    .text                                    0x08000e70   Section        0  _sputc.o(.text)
    .text                                    0x08000e7a   Section        0  rtudiv10.o(.text)
    .text                                    0x08000ea4   Section        8  rt_locale_intlibspace.o(.text)
    .text                                    0x08000eac   Section        0  lludiv10.o(.text)
    .text                                    0x08000f28   Section        0  _printf_fp_infnan.o(.text)
    .text                                    0x08000fb0   Section        0  bigflt0.o(.text)
    .text                                    0x08001088   Section        0  btod.o(.text)
    btod_internal_mul                        0x080010c9   Thumb Code   492  btod.o(.text)
    btod_internal_div                        0x080012b5   Thumb Code   520  btod.o(.text)
    .text                                    0x08001608   Section        8  libspace.o(.text)
    .text                                    0x08001610   Section       62  sys_stackheap_outer.o(.text)
    .text                                    0x0800164e   Section        0  exit.o(.text)
    .text                                    0x08001660   Section      176  strcmpv6m.o(.text)
    .text                                    0x08001710   Section        0  sys_exit.o(.text)
    .text                                    0x0800171c   Section        2  use_no_semi.o(.text)
    .text                                    0x0800171e   Section        0  indicate_semi.o(.text)
    ADC_Enable                               0x08001721   Thumb Code   176  stm32l0xx_hal_adc.o(.text.ADC_Enable)
    [Anonymous Symbol]                       0x08001720   Section        0  stm32l0xx_hal_adc.o(.text.ADC_Enable)
    __arm_cp.5_0                             0x080017d0   Number         4  stm32l0xx_hal_adc.o(.text.ADC_Enable)
    [Anonymous Symbol]                       0x080017d4   Section        0  stm32l0xx_it.o(.text.EXTI0_1_IRQHandler)
    [Anonymous Symbol]                       0x080017de   Section        0  stm32l0xx_hal_adc_ex.o(.text.HAL_ADCEx_Calibration_Start)
    [Anonymous Symbol]                       0x08001888   Section        0  stm32l0xx_hal_adc.o(.text.HAL_ADC_ConfigChannel)
    __arm_cp.22_0                            0x08001984   Number         4  stm32l0xx_hal_adc.o(.text.HAL_ADC_ConfigChannel)
    __arm_cp.22_2                            0x08001988   Number         4  stm32l0xx_hal_adc.o(.text.HAL_ADC_ConfigChannel)
    __arm_cp.22_3                            0x0800198c   Number         4  stm32l0xx_hal_adc.o(.text.HAL_ADC_ConfigChannel)
    __arm_cp.22_4                            0x08001990   Number         4  stm32l0xx_hal_adc.o(.text.HAL_ADC_ConfigChannel)
    [Anonymous Symbol]                       0x08001994   Section        0  stm32l0xx_hal_adc.o(.text.HAL_ADC_GetValue)
    [Anonymous Symbol]                       0x0800199c   Section        0  stm32l0xx_hal_adc.o(.text.HAL_ADC_Init)
    __arm_cp.0_0                             0x08001b54   Number         4  stm32l0xx_hal_adc.o(.text.HAL_ADC_Init)
    __arm_cp.0_1                             0x08001b58   Number         4  stm32l0xx_hal_adc.o(.text.HAL_ADC_Init)
    [Anonymous Symbol]                       0x08001b5c   Section        0  stm32l0xx_hal_msp.o(.text.HAL_ADC_MspInit)
    __arm_cp.1_0                             0x08001ba4   Number         4  stm32l0xx_hal_msp.o(.text.HAL_ADC_MspInit)
    __arm_cp.1_1                             0x08001ba8   Number         4  stm32l0xx_hal_msp.o(.text.HAL_ADC_MspInit)
    [Anonymous Symbol]                       0x08001bac   Section        0  stm32l0xx_hal_adc.o(.text.HAL_ADC_PollForConversion)
    [Anonymous Symbol]                       0x08001cd4   Section        0  stm32l0xx_hal_adc.o(.text.HAL_ADC_Start)
    __arm_cp.4_0                             0x08001d28   Number         4  stm32l0xx_hal_adc.o(.text.HAL_ADC_Start)
    [Anonymous Symbol]                       0x08001d2c   Section        0  stm32l0xx_hal.o(.text.HAL_Delay)
    __arm_cp.10_0                            0x08001d4c   Number         4  stm32l0xx_hal.o(.text.HAL_Delay)
    [Anonymous Symbol]                       0x08001d50   Section        0  main.o(.text.HAL_GPIO_EXTI_Callback)
    __arm_cp.5_0                             0x08001d7c   Number         4  main.o(.text.HAL_GPIO_EXTI_Callback)
    __arm_cp.5_1                             0x08001d80   Number         4  main.o(.text.HAL_GPIO_EXTI_Callback)
    [Anonymous Symbol]                       0x08001d84   Section        0  stm32l0xx_hal_gpio.o(.text.HAL_GPIO_EXTI_IRQHandler)
    __arm_cp.6_0                             0x08001d98   Number         4  stm32l0xx_hal_gpio.o(.text.HAL_GPIO_EXTI_IRQHandler)
    [Anonymous Symbol]                       0x08001d9c   Section        0  stm32l0xx_hal_gpio.o(.text.HAL_GPIO_Init)
    __arm_cp.0_0                             0x08001f20   Number         4  stm32l0xx_hal_gpio.o(.text.HAL_GPIO_Init)
    __arm_cp.0_1                             0x08001f24   Number         4  stm32l0xx_hal_gpio.o(.text.HAL_GPIO_Init)
    __arm_cp.0_2                             0x08001f28   Number         4  stm32l0xx_hal_gpio.o(.text.HAL_GPIO_Init)
    __arm_cp.0_3                             0x08001f2c   Number         4  stm32l0xx_hal_gpio.o(.text.HAL_GPIO_Init)
    [Anonymous Symbol]                       0x08001f30   Section        0  stm32l0xx_hal_gpio.o(.text.HAL_GPIO_WritePin)
    [Anonymous Symbol]                       0x08001f40   Section        0  stm32l0xx_hal.o(.text.HAL_GetTick)
    [Anonymous Symbol]                       0x08001f48   Section        0  stm32l0xx_hal_i2c_ex.o(.text.HAL_I2CEx_ConfigAnalogFilter)
    [Anonymous Symbol]                       0x08001f8a   Section        0  stm32l0xx_hal_i2c_ex.o(.text.HAL_I2CEx_ConfigDigitalFilter)
    [Anonymous Symbol]                       0x08001fcc   Section        0  stm32l0xx_hal_i2c.o(.text.HAL_I2C_Init)
    __arm_cp.0_0                             0x0800206c   Number         4  stm32l0xx_hal_i2c.o(.text.HAL_I2C_Init)
    __arm_cp.0_1                             0x08002070   Number         4  stm32l0xx_hal_i2c.o(.text.HAL_I2C_Init)
    [Anonymous Symbol]                       0x08002074   Section        0  stm32l0xx_hal_i2c.o(.text.HAL_I2C_Master_Transmit)
    __arm_cp.4_0                             0x080021f4   Number         4  stm32l0xx_hal_i2c.o(.text.HAL_I2C_Master_Transmit)
    __arm_cp.4_1                             0x080021f8   Number         4  stm32l0xx_hal_i2c.o(.text.HAL_I2C_Master_Transmit)
    __arm_cp.4_2                             0x080021fc   Number         4  stm32l0xx_hal_i2c.o(.text.HAL_I2C_Master_Transmit)
    __arm_cp.4_3                             0x08002200   Number         4  stm32l0xx_hal_i2c.o(.text.HAL_I2C_Master_Transmit)
    __arm_cp.4_4                             0x08002204   Number         4  stm32l0xx_hal_i2c.o(.text.HAL_I2C_Master_Transmit)
    __arm_cp.4_5                             0x08002208   Number         4  stm32l0xx_hal_i2c.o(.text.HAL_I2C_Master_Transmit)
    __arm_cp.4_6                             0x0800220c   Number         4  stm32l0xx_hal_i2c.o(.text.HAL_I2C_Master_Transmit)
    [Anonymous Symbol]                       0x08002210   Section        0  stm32l0xx_hal_msp.o(.text.HAL_I2C_MspInit)
    __arm_cp.3_0                             0x08002258   Number         4  stm32l0xx_hal_msp.o(.text.HAL_I2C_MspInit)
    __arm_cp.3_1                             0x0800225c   Number         4  stm32l0xx_hal_msp.o(.text.HAL_I2C_MspInit)
    __arm_cp.3_2                             0x08002260   Number         4  stm32l0xx_hal_msp.o(.text.HAL_I2C_MspInit)
    [Anonymous Symbol]                       0x08002264   Section        0  stm32l0xx_hal.o(.text.HAL_IncTick)
    __arm_cp.5_1                             0x08002274   Number         4  stm32l0xx_hal.o(.text.HAL_IncTick)
    [Anonymous Symbol]                       0x08002278   Section        0  stm32l0xx_hal.o(.text.HAL_Init)
    __arm_cp.0_0                             0x0800229c   Number         4  stm32l0xx_hal.o(.text.HAL_Init)
    [Anonymous Symbol]                       0x080022a0   Section        0  stm32l0xx_hal.o(.text.HAL_InitTick)
    __arm_cp.1_0                             0x080022dc   Number         4  stm32l0xx_hal.o(.text.HAL_InitTick)
    __arm_cp.1_1                             0x080022e0   Number         4  stm32l0xx_hal.o(.text.HAL_InitTick)
    [Anonymous Symbol]                       0x080022e4   Section        0  stm32l0xx_hal_msp.o(.text.HAL_MspInit)
    __arm_cp.0_0                             0x080022f8   Number         4  stm32l0xx_hal_msp.o(.text.HAL_MspInit)
    [Anonymous Symbol]                       0x080022fc   Section        0  stm32l0xx_hal_cortex.o(.text.HAL_NVIC_EnableIRQ)
    __arm_cp.1_0                             0x08002310   Number         4  stm32l0xx_hal_cortex.o(.text.HAL_NVIC_EnableIRQ)
    [Anonymous Symbol]                       0x08002314   Section        0  stm32l0xx_hal_cortex.o(.text.HAL_NVIC_SetPriority)
    __arm_cp.0_0                             0x08002344   Number         4  stm32l0xx_hal_cortex.o(.text.HAL_NVIC_SetPriority)
    __arm_cp.0_1                             0x08002348   Number         4  stm32l0xx_hal_cortex.o(.text.HAL_NVIC_SetPriority)
    [Anonymous Symbol]                       0x0800234c   Section        0  stm32l0xx_hal_rcc_ex.o(.text.HAL_RCCEx_PeriphCLKConfig)
    __arm_cp.0_0                             0x0800254c   Number         4  stm32l0xx_hal_rcc_ex.o(.text.HAL_RCCEx_PeriphCLKConfig)
    __arm_cp.0_1                             0x08002550   Number         4  stm32l0xx_hal_rcc_ex.o(.text.HAL_RCCEx_PeriphCLKConfig)
    [Anonymous Symbol]                       0x08002554   Section        0  stm32l0xx_hal_rcc.o(.text.HAL_RCC_ClockConfig)
    __arm_cp.3_0                             0x0800276c   Number         4  stm32l0xx_hal_rcc.o(.text.HAL_RCC_ClockConfig)
    __arm_cp.3_1                             0x08002770   Number         4  stm32l0xx_hal_rcc.o(.text.HAL_RCC_ClockConfig)
    __arm_cp.3_2                             0x08002774   Number         4  stm32l0xx_hal_rcc.o(.text.HAL_RCC_ClockConfig)
    __arm_cp.3_3                             0x08002778   Number         4  stm32l0xx_hal_rcc.o(.text.HAL_RCC_ClockConfig)
    __arm_cp.3_4                             0x0800277c   Number         4  stm32l0xx_hal_rcc.o(.text.HAL_RCC_ClockConfig)
    __arm_cp.3_5                             0x08002780   Number         4  stm32l0xx_hal_rcc.o(.text.HAL_RCC_ClockConfig)
    __arm_cp.3_6                             0x08002784   Number         4  stm32l0xx_hal_rcc.o(.text.HAL_RCC_ClockConfig)
    __arm_cp.3_7                             0x08002788   Number         4  stm32l0xx_hal_rcc.o(.text.HAL_RCC_ClockConfig)
    __arm_cp.3_8                             0x0800278c   Number         4  stm32l0xx_hal_rcc.o(.text.HAL_RCC_ClockConfig)
    __arm_cp.3_9                             0x08002790   Number         4  stm32l0xx_hal_rcc.o(.text.HAL_RCC_ClockConfig)
    [Anonymous Symbol]                       0x08002794   Section        0  stm32l0xx_hal_rcc.o(.text.HAL_RCC_OscConfig)
    __arm_cp.1_13                            0x08002924   Number         4  stm32l0xx_hal_rcc.o(.text.HAL_RCC_OscConfig)
    __arm_cp.1_1                             0x08002cf0   Number         4  stm32l0xx_hal_rcc.o(.text.HAL_RCC_OscConfig)
    __arm_cp.1_2                             0x08002cf4   Number         4  stm32l0xx_hal_rcc.o(.text.HAL_RCC_OscConfig)
    __arm_cp.1_3                             0x08002cf8   Number         4  stm32l0xx_hal_rcc.o(.text.HAL_RCC_OscConfig)
    __arm_cp.1_4                             0x08002cfc   Number         4  stm32l0xx_hal_rcc.o(.text.HAL_RCC_OscConfig)
    __arm_cp.1_5                             0x08002d00   Number         4  stm32l0xx_hal_rcc.o(.text.HAL_RCC_OscConfig)
    __arm_cp.1_6                             0x08002d04   Number         4  stm32l0xx_hal_rcc.o(.text.HAL_RCC_OscConfig)
    __arm_cp.1_7                             0x08002d08   Number         4  stm32l0xx_hal_rcc.o(.text.HAL_RCC_OscConfig)
    __arm_cp.1_8                             0x08002d0c   Number         4  stm32l0xx_hal_rcc.o(.text.HAL_RCC_OscConfig)
    __arm_cp.1_9                             0x08002d10   Number         4  stm32l0xx_hal_rcc.o(.text.HAL_RCC_OscConfig)
    __arm_cp.1_10                            0x08002d14   Number         4  stm32l0xx_hal_rcc.o(.text.HAL_RCC_OscConfig)
    [Anonymous Symbol]                       0x08002d18   Section        0  stm32l0xx_hal_cortex.o(.text.HAL_SYSTICK_Config)
    __arm_cp.4_0                             0x08002d40   Number         4  stm32l0xx_hal_cortex.o(.text.HAL_SYSTICK_Config)
    __arm_cp.4_1                             0x08002d44   Number         4  stm32l0xx_hal_cortex.o(.text.HAL_SYSTICK_Config)
    __arm_cp.4_2                             0x08002d48   Number         4  stm32l0xx_hal_cortex.o(.text.HAL_SYSTICK_Config)
    [Anonymous Symbol]                       0x08002d4c   Section        0  stm32l0xx_hal_tim_ex.o(.text.HAL_TIMEx_MasterConfigSynchronization)
    [Anonymous Symbol]                       0x08002d98   Section        0  stm32l0xx_hal_tim.o(.text.HAL_TIM_Base_Init)
    [Anonymous Symbol]                       0x08002e30   Section        0  stm32l0xx_hal_msp.o(.text.HAL_TIM_Base_MspInit)
    __arm_cp.5_1                             0x08002e6c   Number         4  stm32l0xx_hal_msp.o(.text.HAL_TIM_Base_MspInit)
    [Anonymous Symbol]                       0x08002e70   Section        0  stm32l0xx_hal_tim.o(.text.HAL_TIM_Base_Start_IT)
    __arm_cp.6_0                             0x08002eb8   Number         4  stm32l0xx_hal_tim.o(.text.HAL_TIM_Base_Start_IT)
    __arm_cp.6_1                             0x08002ebc   Number         4  stm32l0xx_hal_tim.o(.text.HAL_TIM_Base_Start_IT)
    [Anonymous Symbol]                       0x08002ec0   Section        0  stm32l0xx_hal_tim.o(.text.HAL_TIM_ConfigClockSource)
    __arm_cp.85_0                            0x08003018   Number         4  stm32l0xx_hal_tim.o(.text.HAL_TIM_ConfigClockSource)
    [Anonymous Symbol]                       0x0800301c   Section        0  stm32l0xx_hal_tim.o(.text.HAL_TIM_IC_CaptureCallback)
    [Anonymous Symbol]                       0x0800301e   Section        0  stm32l0xx_hal_tim.o(.text.HAL_TIM_IRQHandler)
    [Anonymous Symbol]                       0x08003134   Section        0  stm32l0xx_hal_msp.o(.text.HAL_TIM_MspPostInit)
    __arm_cp.6_0                             0x08003174   Number         4  stm32l0xx_hal_msp.o(.text.HAL_TIM_MspPostInit)
    [Anonymous Symbol]                       0x08003178   Section        0  stm32l0xx_hal_tim.o(.text.HAL_TIM_OC_DelayElapsedCallback)
    [Anonymous Symbol]                       0x0800317c   Section        0  stm32l0xx_hal_tim.o(.text.HAL_TIM_PWM_ConfigChannel)
    [Anonymous Symbol]                       0x080032cc   Section        0  stm32l0xx_hal_tim.o(.text.HAL_TIM_PWM_Init)
    [Anonymous Symbol]                       0x08003364   Section        0  stm32l0xx_hal_tim.o(.text.HAL_TIM_PWM_MspInit)
    [Anonymous Symbol]                       0x08003366   Section        0  stm32l0xx_hal_tim.o(.text.HAL_TIM_PWM_PulseFinishedCallback)
    [Anonymous Symbol]                       0x08003368   Section        0  stm32l0xx_hal_tim.o(.text.HAL_TIM_PWM_Start)
    __arm_cp.29_0                            0x080033f8   Number         4  stm32l0xx_hal_tim.o(.text.HAL_TIM_PWM_Start)
    __arm_cp.29_1                            0x080033fc   Number         4  stm32l0xx_hal_tim.o(.text.HAL_TIM_PWM_Start)
    [Anonymous Symbol]                       0x08003400   Section        0  main.o(.text.HAL_TIM_PeriodElapsedCallback)
    __arm_cp.4_0                             0x08003434   Number         4  main.o(.text.HAL_TIM_PeriodElapsedCallback)
    [Anonymous Symbol]                       0x08003438   Section        0  stm32l0xx_hal_tim.o(.text.HAL_TIM_TriggerCallback)
    [Anonymous Symbol]                       0x0800343a   Section        0  stm32l0xx_it.o(.text.HardFault_Handler)
    I2C_IsErrorOccurred                      0x0800343d   Thumb Code   380  stm32l0xx_hal_i2c.o(.text.I2C_IsErrorOccurred)
    [Anonymous Symbol]                       0x0800343c   Section        0  stm32l0xx_hal_i2c.o(.text.I2C_IsErrorOccurred)
    __arm_cp.72_0                            0x080035b8   Number         4  stm32l0xx_hal_i2c.o(.text.I2C_IsErrorOccurred)
    I2C_WaitOnFlagUntilTimeout               0x080035bd   Thumb Code   222  stm32l0xx_hal_i2c.o(.text.I2C_WaitOnFlagUntilTimeout)
    [Anonymous Symbol]                       0x080035bc   Section        0  stm32l0xx_hal_i2c.o(.text.I2C_WaitOnFlagUntilTimeout)
    I2C_WaitOnSTOPFlagUntilTimeout           0x0800369b   Thumb Code   134  stm32l0xx_hal_i2c.o(.text.I2C_WaitOnSTOPFlagUntilTimeout)
    [Anonymous Symbol]                       0x0800369a   Section        0  stm32l0xx_hal_i2c.o(.text.I2C_WaitOnSTOPFlagUntilTimeout)
    I2C_WaitOnTXISFlagUntilTimeout           0x08003721   Thumb Code   166  stm32l0xx_hal_i2c.o(.text.I2C_WaitOnTXISFlagUntilTimeout)
    [Anonymous Symbol]                       0x08003720   Section        0  stm32l0xx_hal_i2c.o(.text.I2C_WaitOnTXISFlagUntilTimeout)
    [Anonymous Symbol]                       0x080037c8   Section        0  iic_1602.o(.text.Initialize_LCD)
    [Anonymous Symbol]                       0x08003918   Section        0  stm32l0xx_it.o(.text.NMI_Handler)
    [Anonymous Symbol]                       0x0800391a   Section        0  stm32l0xx_it.o(.text.PendSV_Handler)
    [Anonymous Symbol]                       0x0800391c   Section        0  stm32l0xx_it.o(.text.SVC_Handler)
    [Anonymous Symbol]                       0x0800391e   Section        0  stm32l0xx_it.o(.text.SysTick_Handler)
    [Anonymous Symbol]                       0x08003926   Section        0  system_stm32l0xx.o(.text.SystemInit)
    [Anonymous Symbol]                       0x08003928   Section        0  stm32l0xx_it.o(.text.TIM21_IRQHandler)
    __arm_cp.6_0                             0x08003934   Number         4  stm32l0xx_it.o(.text.TIM21_IRQHandler)
    [Anonymous Symbol]                       0x08003938   Section        0  iic_1602.o(.text.clear_LCD)
    __arm_cp.5_1                             0x08003a34   Number         4  iic_1602.o(.text.clear_LCD)
    [Anonymous Symbol]                       0x08003a38   Section        0  main.o(.text.main)
    __arm_cp.0_26                            0x08003dd4   Number         4  main.o(.text.main)
    __arm_cp.0_27                            0x08003dd8   Number         4  main.o(.text.main)
    __arm_cp.0_29                            0x08003de0   Number         4  main.o(.text.main)
    __arm_cp.0_30                            0x08003eec   Number         4  main.o(.text.main)
    __arm_cp.0_32                            0x08003ef4   Number         4  main.o(.text.main)
    __arm_cp.0_34                            0x08003f60   Number         4  main.o(.text.main)
    __arm_cp.0_2                             0x08003f90   Number         4  main.o(.text.main)
    __arm_cp.0_5                             0x08003f94   Number         4  main.o(.text.main)
    __arm_cp.0_7                             0x08003f98   Number         4  main.o(.text.main)
    __arm_cp.0_9                             0x08003f9c   Number         4  main.o(.text.main)
    __arm_cp.0_10                            0x08003fa0   Number         4  main.o(.text.main)
    __arm_cp.0_11                            0x08003fa4   Number         4  main.o(.text.main)
    __arm_cp.0_12                            0x08003fa8   Number         4  main.o(.text.main)
    __arm_cp.0_13                            0x08003fac   Number         4  main.o(.text.main)
    __arm_cp.0_14                            0x08003fb0   Number         4  main.o(.text.main)
    __arm_cp.0_15                            0x08003fb4   Number         4  main.o(.text.main)
    __arm_cp.0_16                            0x08003fb8   Number         4  main.o(.text.main)
    __arm_cp.0_17                            0x08003fbc   Number         4  main.o(.text.main)
    __arm_cp.0_18                            0x08003fc0   Number         4  main.o(.text.main)
    __arm_cp.0_19                            0x08003fc4   Number         4  main.o(.text.main)
    __arm_cp.0_20                            0x08003fc8   Number         4  main.o(.text.main)
    __arm_cp.0_21                            0x08003fcc   Number         4  main.o(.text.main)
    __arm_cp.0_24                            0x08003ff4   Number         4  main.o(.text.main)
    [Anonymous Symbol]                       0x08003ff8   Section        0  iic_1602.o(.text.writes)
    __arm_cp.3_0                             0x08004068   Number         4  iic_1602.o(.text.writes)
    .text_divfast                            0x0800406c   Section      502  aeabi_sdivfast.o(.text_divfast)
    i.__ARM_common_ll_muluu                  0x08004262   Section        0  btod.o(i.__ARM_common_ll_muluu)
    i.__ARM_fpclassify                       0x08004294   Section        0  fpclassify.o(i.__ARM_fpclassify)
    i._is_digit                              0x080042c0   Section        0  __printf_wp.o(i._is_digit)
    locale$$code                             0x080042d0   Section       44  lc_numeric_c.o(locale$$code)
    x$fpl$printf1                            0x080042fc   Section       16  printf1.o(x$fpl$printf1)
    tenpwrs_x                                0x0800430c   Data          60  bigflt0.o(.constdata)
    .constdata                               0x0800430c   Section      148  bigflt0.o(.constdata)
    x$fpl$usenofp                            0x0800430c   Section        0  usenofp.o(x$fpl$usenofp)
    tenpwrs_i                                0x08004348   Data          64  bigflt0.o(.constdata)
    locale$$data                             0x080043e4   Section       28  lc_numeric_c.o(locale$$data)
    __lcnum_c_name                           0x080043e8   Data           2  lc_numeric_c.o(locale$$data)
    __lcnum_c_start                          0x080043f0   Data           0  lc_numeric_c.o(locale$$data)
    __lcnum_c_point                          0x080043fc   Data           0  lc_numeric_c.o(locale$$data)
    __lcnum_c_thousands                      0x080043fe   Data           0  lc_numeric_c.o(locale$$data)
    __lcnum_c_grouping                       0x080043ff   Data           0  lc_numeric_c.o(locale$$data)
    __lcnum_c_end                            0x08004400   Data           0  lc_numeric_c.o(locale$$data)
    [Anonymous Symbol]                       0x20000000   Section        0  stm32l0xx_hal.o(.data..L_MergedGlobals)
    .bss                                     0x20000010   Section       96  libspace.o(.bss)
    [Anonymous Symbol]                       0x20000070   Section        0  main.o(.bss..L_MergedGlobals)
    Heap_Mem                                 0x20000208   Data         512  startup_stm32l053xx.o(HEAP)
    HEAP                                     0x20000208   Section      512  startup_stm32l053xx.o(HEAP)
    Stack_Mem                                0x20000408   Data        1024  startup_stm32l053xx.o(STACK)
    STACK                                    0x20000408   Section     1024  startup_stm32l053xx.o(STACK)
    __initial_sp                             0x20000808   Data           0  startup_stm32l053xx.o(STACK)

    Global Symbols

    Symbol Name                              Value     Ov Type        Size  Object(Section)

    BuildAttributes$$THM_ISAv3M$S$PE$A:L22$X:L11$S22$IEEE1$IW$~IW$USESV6$~STKCKD$USESV7$~SHL$OTIME$ROPI$IEEEJ$EBA8$UX$STANDARDLIB$REQ8$PRES8$EABIv2 0x00000000   Number         0  anon$$obj.o ABSOLUTE
    _printf_flags                            0x00000000   Number         0  printf_stubs.o ABSOLUTE
    _printf_return_value                     0x00000000   Number         0  printf_stubs.o ABSOLUTE
    _printf_sizespec                         0x00000000   Number         0  printf_stubs.o ABSOLUTE
    _printf_widthprec                        0x00000000   Number         0  printf_stubs.o ABSOLUTE
    __ARM_exceptions_init                     - Undefined Weak Reference
    __alloca_initialize                       - Undefined Weak Reference
    __arm_preinit_                            - Undefined Weak Reference
    __arm_relocate_pie_                       - Undefined Weak Reference
    __cpp_initialize__aeabi_                  - Undefined Weak Reference
    __cxa_finalize                            - Undefined Weak Reference
    __sigvec_lookup                           - Undefined Weak Reference
    _atexit_init                              - Undefined Weak Reference
    _call_atexit_fns                          - Undefined Weak Reference
    _clock_init                               - Undefined Weak Reference
    _fp_trap_init                             - Undefined Weak Reference
    _fp_trap_shutdown                         - Undefined Weak Reference
    _get_lc_collate                           - Undefined Weak Reference
    _get_lc_ctype                             - Undefined Weak Reference
    _get_lc_monetary                          - Undefined Weak Reference
    _get_lc_time                              - Undefined Weak Reference
    _getenv_init                              - Undefined Weak Reference
    _handle_redirection                       - Undefined Weak Reference
    _init_alloc                               - Undefined Weak Reference
    _init_user_alloc                          - Undefined Weak Reference
    _initio                                   - Undefined Weak Reference
    _printf_post_padding                      - Undefined Weak Reference
    _printf_pre_padding                       - Undefined Weak Reference
    _printf_truncate_signed                   - Undefined Weak Reference
    _printf_truncate_unsigned                 - Undefined Weak Reference
    _rand_init                                - Undefined Weak Reference
    _signal_finish                            - Undefined Weak Reference
    _signal_init                              - Undefined Weak Reference
    _terminate_alloc                          - Undefined Weak Reference
    _terminate_user_alloc                     - Undefined Weak Reference
    _terminateio                              - Undefined Weak Reference
    __Vectors_Size                           0x000000c0   Number         0  startup_stm32l053xx.o ABSOLUTE
    __Vectors                                0x08000000   Data           4  startup_stm32l053xx.o(RESET)
    __Vectors_End                            0x080000c0   Data           0  startup_stm32l053xx.o(RESET)
    __main                                   0x080000c1   Thumb Code     8  __main.o(!!!main)
    __scatterload                            0x080000c9   Thumb Code     0  __scatter.o(!!!scatter)
    __scatterload_rt2                        0x080000c9   Thumb Code    52  __scatter.o(!!!scatter)
    __scatterload_rt2_thumb_only             0x080000c9   Thumb Code     0  __scatter.o(!!!scatter)
    __scatterload_null                       0x080000d9   Thumb Code     0  __scatter.o(!!!scatter)
    __scatterload_copy                       0x08000105   Thumb Code    26  __scatter_copy.o(!!handler_copy)
    __scatterload_zeroinit                   0x08000121   Thumb Code    28  __scatter_zi.o(!!handler_zi)
    _printf_percent                          0x0800013d   Thumb Code     0  _printf_percent.o(.ARM.Collect$$_printf_percent$$00000000)
    _printf_f                                0x0800013f   Thumb Code     0  _printf_f.o(.ARM.Collect$$_printf_percent$$00000003)
    _printf_d                                0x08000149   Thumb Code     0  _printf_d.o(.ARM.Collect$$_printf_percent$$00000009)
    _printf_percent_end                      0x08000153   Thumb Code     0  _printf_percent_end.o(.ARM.Collect$$_printf_percent$$00000017)
    __rt_lib_init                            0x08000157   Thumb Code     0  libinit.o(.ARM.Collect$$libinit$$00000000)
    __rt_lib_init_fp_1                       0x08000159   Thumb Code     0  libinit2.o(.ARM.Collect$$libinit$$00000002)
    __rt_lib_init_heap_1                     0x08000159   Thumb Code     0  libinit2.o(.ARM.Collect$$libinit$$0000000C)
    __rt_lib_init_lc_common                  0x08000159   Thumb Code     0  libinit2.o(.ARM.Collect$$libinit$$00000011)
    __rt_lib_init_preinit_1                  0x08000159   Thumb Code     0  libinit2.o(.ARM.Collect$$libinit$$00000006)
    __rt_lib_init_rand_1                     0x08000159   Thumb Code     0  libinit2.o(.ARM.Collect$$libinit$$00000010)
    __rt_lib_init_relocate_pie_1             0x08000159   Thumb Code     0  libinit2.o(.ARM.Collect$$libinit$$00000004)
    __rt_lib_init_user_alloc_1               0x08000159   Thumb Code     0  libinit2.o(.ARM.Collect$$libinit$$0000000E)
    __rt_lib_init_lc_collate_1               0x0800015f   Thumb Code     0  libinit2.o(.ARM.Collect$$libinit$$00000013)
    __rt_lib_init_lc_ctype_1                 0x0800015f   Thumb Code     0  libinit2.o(.ARM.Collect$$libinit$$00000015)
    __rt_lib_init_lc_monetary_1              0x0800015f   Thumb Code     0  libinit2.o(.ARM.Collect$$libinit$$00000017)
    __rt_lib_init_lc_numeric_2               0x0800015f   Thumb Code     0  libinit2.o(.ARM.Collect$$libinit$$00000018)
    __rt_lib_init_alloca_1                   0x08000169   Thumb Code     0  libinit2.o(.ARM.Collect$$libinit$$00000030)
    __rt_lib_init_argv_1                     0x08000169   Thumb Code     0  libinit2.o(.ARM.Collect$$libinit$$0000002E)
    __rt_lib_init_atexit_1                   0x08000169   Thumb Code     0  libinit2.o(.ARM.Collect$$libinit$$0000001D)
    __rt_lib_init_clock_1                    0x08000169   Thumb Code     0  libinit2.o(.ARM.Collect$$libinit$$00000023)
    __rt_lib_init_cpp_1                      0x08000169   Thumb Code     0  libinit2.o(.ARM.Collect$$libinit$$00000034)
    __rt_lib_init_exceptions_1               0x08000169   Thumb Code     0  libinit2.o(.ARM.Collect$$libinit$$00000032)
    __rt_lib_init_fp_trap_1                  0x08000169   Thumb Code     0  libinit2.o(.ARM.Collect$$libinit$$00000021)
    __rt_lib_init_getenv_1                   0x08000169   Thumb Code     0  libinit2.o(.ARM.Collect$$libinit$$00000025)
    __rt_lib_init_lc_numeric_1               0x08000169   Thumb Code     0  libinit2.o(.ARM.Collect$$libinit$$00000019)
    __rt_lib_init_lc_time_1                  0x08000169   Thumb Code     0  libinit2.o(.ARM.Collect$$libinit$$0000001B)
    __rt_lib_init_return                     0x08000169   Thumb Code     0  libinit2.o(.ARM.Collect$$libinit$$00000035)
    __rt_lib_init_signal_1                   0x08000169   Thumb Code     0  libinit2.o(.ARM.Collect$$libinit$$0000001F)
    __rt_lib_init_stdio_1                    0x08000169   Thumb Code     0  libinit2.o(.ARM.Collect$$libinit$$00000027)
    __rt_lib_shutdown                        0x0800016b   Thumb Code     0  libshutdown.o(.ARM.Collect$$libshutdown$$00000000)
    __rt_lib_shutdown_cpp_1                  0x0800016d   Thumb Code     0  libshutdown2.o(.ARM.Collect$$libshutdown$$00000002)
    __rt_lib_shutdown_fp_trap_1              0x0800016d   Thumb Code     0  libshutdown2.o(.ARM.Collect$$libshutdown$$00000007)
    __rt_lib_shutdown_heap_1                 0x0800016d   Thumb Code     0  libshutdown2.o(.ARM.Collect$$libshutdown$$0000000F)
    __rt_lib_shutdown_return                 0x0800016d   Thumb Code     0  libshutdown2.o(.ARM.Collect$$libshutdown$$00000010)
    __rt_lib_shutdown_signal_1               0x0800016d   Thumb Code     0  libshutdown2.o(.ARM.Collect$$libshutdown$$0000000A)
    __rt_lib_shutdown_stdio_1                0x0800016d   Thumb Code     0  libshutdown2.o(.ARM.Collect$$libshutdown$$00000004)
    __rt_lib_shutdown_user_alloc_1           0x0800016d   Thumb Code     0  libshutdown2.o(.ARM.Collect$$libshutdown$$0000000C)
    __rt_entry                               0x0800016f   Thumb Code     0  __rtentry.o(.ARM.Collect$$rtentry$$00000000)
    __rt_entry_presh_1                       0x0800016f   Thumb Code     0  __rtentry2.o(.ARM.Collect$$rtentry$$00000002)
    __rt_entry_sh                            0x0800016f   Thumb Code     0  __rtentry4.o(.ARM.Collect$$rtentry$$00000004)
    __rt_entry_li                            0x08000175   Thumb Code     0  __rtentry2.o(.ARM.Collect$$rtentry$$0000000A)
    __rt_entry_postsh_1                      0x08000175   Thumb Code     0  __rtentry2.o(.ARM.Collect$$rtentry$$00000009)
    __rt_entry_main                          0x08000179   Thumb Code     0  __rtentry2.o(.ARM.Collect$$rtentry$$0000000D)
    __rt_entry_postli_1                      0x08000179   Thumb Code     0  __rtentry2.o(.ARM.Collect$$rtentry$$0000000C)
    __rt_exit                                0x08000181   Thumb Code     0  rtexit.o(.ARM.Collect$$rtexit$$00000000)
    __rt_exit_ls                             0x08000183   Thumb Code     0  rtexit2.o(.ARM.Collect$$rtexit$$00000003)
    __rt_exit_prels_1                        0x08000183   Thumb Code     0  rtexit2.o(.ARM.Collect$$rtexit$$00000002)
    __rt_exit_exit                           0x08000187   Thumb Code     0  rtexit2.o(.ARM.Collect$$rtexit$$00000004)
    __aeabi_memcpy4                          0x0800018d   Thumb Code    56  rt_memcpy.o(.emb_text)
    __aeabi_memcpy8                          0x0800018d   Thumb Code     0  rt_memcpy.o(.emb_text)
    Reset_Handler                            0x080001c5   Thumb Code     8  startup_stm32l053xx.o(.text)
    ADC1_COMP_IRQHandler                     0x080001d7   Thumb Code     0  startup_stm32l053xx.o(.text)
    DMA1_Channel1_IRQHandler                 0x080001d7   Thumb Code     0  startup_stm32l053xx.o(.text)
    DMA1_Channel2_3_IRQHandler               0x080001d7   Thumb Code     0  startup_stm32l053xx.o(.text)
    DMA1_Channel4_5_6_7_IRQHandler           0x080001d7   Thumb Code     0  startup_stm32l053xx.o(.text)
    EXTI2_3_IRQHandler                       0x080001d7   Thumb Code     0  startup_stm32l053xx.o(.text)
    EXTI4_15_IRQHandler                      0x080001d7   Thumb Code     0  startup_stm32l053xx.o(.text)
    FLASH_IRQHandler                         0x080001d7   Thumb Code     0  startup_stm32l053xx.o(.text)
    I2C1_IRQHandler                          0x080001d7   Thumb Code     0  startup_stm32l053xx.o(.text)
    I2C2_IRQHandler                          0x080001d7   Thumb Code     0  startup_stm32l053xx.o(.text)
    LCD_IRQHandler                           0x080001d7   Thumb Code     0  startup_stm32l053xx.o(.text)
    LPTIM1_IRQHandler                        0x080001d7   Thumb Code     0  startup_stm32l053xx.o(.text)
    PVD_IRQHandler                           0x080001d7   Thumb Code     0  startup_stm32l053xx.o(.text)
    RCC_CRS_IRQHandler                       0x080001d7   Thumb Code     0  startup_stm32l053xx.o(.text)
    RNG_LPUART1_IRQHandler                   0x080001d7   Thumb Code     0  startup_stm32l053xx.o(.text)
    RTC_IRQHandler                           0x080001d7   Thumb Code     0  startup_stm32l053xx.o(.text)
    SPI1_IRQHandler                          0x080001d7   Thumb Code     0  startup_stm32l053xx.o(.text)
    SPI2_IRQHandler                          0x080001d7   Thumb Code     0  startup_stm32l053xx.o(.text)
    TIM22_IRQHandler                         0x080001d7   Thumb Code     0  startup_stm32l053xx.o(.text)
    TIM2_IRQHandler                          0x080001d7   Thumb Code     0  startup_stm32l053xx.o(.text)
    TIM6_DAC_IRQHandler                      0x080001d7   Thumb Code     0  startup_stm32l053xx.o(.text)
    TSC_IRQHandler                           0x080001d7   Thumb Code     0  startup_stm32l053xx.o(.text)
    USART1_IRQHandler                        0x080001d7   Thumb Code     0  startup_stm32l053xx.o(.text)
    USART2_IRQHandler                        0x080001d7   Thumb Code     0  startup_stm32l053xx.o(.text)
    USB_IRQHandler                           0x080001d7   Thumb Code     0  startup_stm32l053xx.o(.text)
    WWDG_IRQHandler                          0x080001d7   Thumb Code     0  startup_stm32l053xx.o(.text)
    __user_initial_stackheap                 0x080001d9   Thumb Code     0  startup_stm32l053xx.o(.text)
    __2sprintf                               0x080001fd   Thumb Code    36  noretval__2sprintf.o(.text)
    _printf_int_dec                          0x08000225   Thumb Code    90  _printf_dec.o(.text)
    __printf                                 0x08000291   Thumb Code   270  __printf_wp.o(.text)
    __aeabi_uidivmod                         0x080003a1   Thumb Code    28  aeabi_sdivfast.o(.text)
    __aeabi_idivmod                          0x080003bd   Thumb Code   472  aeabi_sdivfast.o(.text)
    __use_two_region_memory                  0x08000599   Thumb Code     2  heapauxi.o(.text)
    __rt_heap_escrow$2region                 0x0800059b   Thumb Code     2  heapauxi.o(.text)
    __rt_heap_expand$2region                 0x0800059d   Thumb Code     2  heapauxi.o(.text)
    __aeabi_d2f                              0x080005a1   Thumb Code     0  d2f.o(.text)
    _d2f                                     0x080005a1   Thumb Code   120  d2f.o(.text)
    __aeabi_d2iz                             0x0800061d   Thumb Code     0  dfixi.o(.text)
    _dfix                                    0x0800061d   Thumb Code    98  dfixi.o(.text)
    __aeabi_i2d_normalise                    0x08000689   Thumb Code    66  dflti.o(.text)
    __aeabi_i2d                              0x080006cb   Thumb Code    16  dflti.o(.text)
    _dflt                                    0x080006cb   Thumb Code     0  dflti.o(.text)
    __aeabi_ui2d                             0x080006db   Thumb Code     6  dflti.o(.text)
    _dfltu                                   0x080006db   Thumb Code     0  dflti.o(.text)
    __aeabi_dmul                             0x080006e1   Thumb Code     0  dmul.o(.text)
    _dmul                                    0x080006e1   Thumb Code   558  dmul.o(.text)
    __aeabi_f2d                              0x08000929   Thumb Code     0  f2d.o(.text)
    _f2d                                     0x08000929   Thumb Code    80  f2d.o(.text)
    _printf_int_common                       0x0800097d   Thumb Code   176  _printf_intcommon.o(.text)
    _printf_fp_dec_real                      0x08000bc9   Thumb Code   620  _printf_fp_dec.o(.text)
    _printf_char_common                      0x08000e4b   Thumb Code    32  _printf_char_common.o(.text)
    _sputc                                   0x08000e71   Thumb Code    10  _sputc.o(.text)
    __rt_udiv10                              0x08000e7b   Thumb Code    40  rtudiv10.o(.text)
    __rt_locale                              0x08000ea5   Thumb Code     8  rt_locale_intlibspace.o(.text)
    _ll_udiv10                               0x08000ead   Thumb Code   122  lludiv10.o(.text)
    _printf_fp_infnan                        0x08000f29   Thumb Code   120  _printf_fp_infnan.o(.text)
    _btod_etento                             0x08000fb1   Thumb Code   210  bigflt0.o(.text)
    _btod_d2e                                0x08001089   Thumb Code    64  btod.o(.text)
    _btod_emul                               0x080014bd   Thumb Code    28  btod.o(.text)
    _btod_emuld                              0x080014d9   Thumb Code   144  btod.o(.text)
    _btod_ediv                               0x08001569   Thumb Code    26  btod.o(.text)
    _btod_edivd                              0x08001583   Thumb Code   124  btod.o(.text)
    __user_libspace                          0x08001609   Thumb Code     8  libspace.o(.text)
    __user_perproc_libspace                  0x08001609   Thumb Code     0  libspace.o(.text)
    __user_perthread_libspace                0x08001609   Thumb Code     0  libspace.o(.text)
    __user_setup_stackheap                   0x08001611   Thumb Code    62  sys_stackheap_outer.o(.text)
    exit                                     0x0800164f   Thumb Code    16  exit.o(.text)
    strcmp                                   0x08001661   Thumb Code   176  strcmpv6m.o(.text)
    _sys_exit                                0x08001711   Thumb Code     8  sys_exit.o(.text)
    __I$use$semihosting                      0x0800171d   Thumb Code     0  use_no_semi.o(.text)
    __use_no_semihosting_swi                 0x0800171d   Thumb Code     2  use_no_semi.o(.text)
    __semihosting_library_function           0x0800171f   Thumb Code     0  indicate_semi.o(.text)
    EXTI0_1_IRQHandler                       0x080017d5   Thumb Code    10  stm32l0xx_it.o(.text.EXTI0_1_IRQHandler)
    HAL_ADCEx_Calibration_Start              0x080017df   Thumb Code   168  stm32l0xx_hal_adc_ex.o(.text.HAL_ADCEx_Calibration_Start)
    HAL_ADC_ConfigChannel                    0x08001889   Thumb Code   252  stm32l0xx_hal_adc.o(.text.HAL_ADC_ConfigChannel)
    HAL_ADC_GetValue                         0x08001995   Thumb Code     6  stm32l0xx_hal_adc.o(.text.HAL_ADC_GetValue)
    HAL_ADC_Init                             0x0800199d   Thumb Code   440  stm32l0xx_hal_adc.o(.text.HAL_ADC_Init)
    HAL_ADC_MspInit                          0x08001b5d   Thumb Code    72  stm32l0xx_hal_msp.o(.text.HAL_ADC_MspInit)
    HAL_ADC_PollForConversion                0x08001bad   Thumb Code   296  stm32l0xx_hal_adc.o(.text.HAL_ADC_PollForConversion)
    HAL_ADC_Start                            0x08001cd5   Thumb Code    84  stm32l0xx_hal_adc.o(.text.HAL_ADC_Start)
    HAL_Delay                                0x08001d2d   Thumb Code    32  stm32l0xx_hal.o(.text.HAL_Delay)
    HAL_GPIO_EXTI_Callback                   0x08001d51   Thumb Code    44  main.o(.text.HAL_GPIO_EXTI_Callback)
    HAL_GPIO_EXTI_IRQHandler                 0x08001d85   Thumb Code    20  stm32l0xx_hal_gpio.o(.text.HAL_GPIO_EXTI_IRQHandler)
    HAL_GPIO_Init                            0x08001d9d   Thumb Code   388  stm32l0xx_hal_gpio.o(.text.HAL_GPIO_Init)
    HAL_GPIO_WritePin                        0x08001f31   Thumb Code    16  stm32l0xx_hal_gpio.o(.text.HAL_GPIO_WritePin)
    HAL_GetTick                              0x08001f41   Thumb Code     8  stm32l0xx_hal.o(.text.HAL_GetTick)
    HAL_I2CEx_ConfigAnalogFilter             0x08001f49   Thumb Code    66  stm32l0xx_hal_i2c_ex.o(.text.HAL_I2CEx_ConfigAnalogFilter)
    HAL_I2CEx_ConfigDigitalFilter            0x08001f8b   Thumb Code    66  stm32l0xx_hal_i2c_ex.o(.text.HAL_I2CEx_ConfigDigitalFilter)
    HAL_I2C_Init                             0x08001fcd   Thumb Code   160  stm32l0xx_hal_i2c.o(.text.HAL_I2C_Init)
    HAL_I2C_Master_Transmit                  0x08002075   Thumb Code   384  stm32l0xx_hal_i2c.o(.text.HAL_I2C_Master_Transmit)
    HAL_I2C_MspInit                          0x08002211   Thumb Code    72  stm32l0xx_hal_msp.o(.text.HAL_I2C_MspInit)
    HAL_IncTick                              0x08002265   Thumb Code    16  stm32l0xx_hal.o(.text.HAL_IncTick)
    HAL_Init                                 0x08002279   Thumb Code    36  stm32l0xx_hal.o(.text.HAL_Init)
    HAL_InitTick                             0x080022a1   Thumb Code    60  stm32l0xx_hal.o(.text.HAL_InitTick)
    HAL_MspInit                              0x080022e5   Thumb Code    20  stm32l0xx_hal_msp.o(.text.HAL_MspInit)
    HAL_NVIC_EnableIRQ                       0x080022fd   Thumb Code    20  stm32l0xx_hal_cortex.o(.text.HAL_NVIC_EnableIRQ)
    HAL_NVIC_SetPriority                     0x08002315   Thumb Code    48  stm32l0xx_hal_cortex.o(.text.HAL_NVIC_SetPriority)
    HAL_RCCEx_PeriphCLKConfig                0x0800234d   Thumb Code   512  stm32l0xx_hal_rcc_ex.o(.text.HAL_RCCEx_PeriphCLKConfig)
    HAL_RCC_ClockConfig                      0x08002555   Thumb Code   536  stm32l0xx_hal_rcc.o(.text.HAL_RCC_ClockConfig)
    HAL_RCC_OscConfig                        0x08002795   Thumb Code  1372  stm32l0xx_hal_rcc.o(.text.HAL_RCC_OscConfig)
    HAL_SYSTICK_Config                       0x08002d19   Thumb Code    40  stm32l0xx_hal_cortex.o(.text.HAL_SYSTICK_Config)
    HAL_TIMEx_MasterConfigSynchronization    0x08002d4d   Thumb Code    76  stm32l0xx_hal_tim_ex.o(.text.HAL_TIMEx_MasterConfigSynchronization)
    HAL_TIM_Base_Init                        0x08002d99   Thumb Code   152  stm32l0xx_hal_tim.o(.text.HAL_TIM_Base_Init)
    HAL_TIM_Base_MspInit                     0x08002e31   Thumb Code    60  stm32l0xx_hal_msp.o(.text.HAL_TIM_Base_MspInit)
    HAL_TIM_Base_Start_IT                    0x08002e71   Thumb Code    72  stm32l0xx_hal_tim.o(.text.HAL_TIM_Base_Start_IT)
    HAL_TIM_ConfigClockSource                0x08002ec1   Thumb Code   344  stm32l0xx_hal_tim.o(.text.HAL_TIM_ConfigClockSource)
    HAL_TIM_IC_CaptureCallback               0x0800301d   Thumb Code     2  stm32l0xx_hal_tim.o(.text.HAL_TIM_IC_CaptureCallback)
    HAL_TIM_IRQHandler                       0x0800301f   Thumb Code   278  stm32l0xx_hal_tim.o(.text.HAL_TIM_IRQHandler)
    HAL_TIM_MspPostInit                      0x08003135   Thumb Code    64  stm32l0xx_hal_msp.o(.text.HAL_TIM_MspPostInit)
    HAL_TIM_OC_DelayElapsedCallback          0x08003179   Thumb Code     2  stm32l0xx_hal_tim.o(.text.HAL_TIM_OC_DelayElapsedCallback)
    HAL_TIM_PWM_ConfigChannel                0x0800317d   Thumb Code   336  stm32l0xx_hal_tim.o(.text.HAL_TIM_PWM_ConfigChannel)
    HAL_TIM_PWM_Init                         0x080032cd   Thumb Code   152  stm32l0xx_hal_tim.o(.text.HAL_TIM_PWM_Init)
    HAL_TIM_PWM_MspInit                      0x08003365   Thumb Code     2  stm32l0xx_hal_tim.o(.text.HAL_TIM_PWM_MspInit)
    HAL_TIM_PWM_PulseFinishedCallback        0x08003367   Thumb Code     2  stm32l0xx_hal_tim.o(.text.HAL_TIM_PWM_PulseFinishedCallback)
    HAL_TIM_PWM_Start                        0x08003369   Thumb Code   144  stm32l0xx_hal_tim.o(.text.HAL_TIM_PWM_Start)
    HAL_TIM_PeriodElapsedCallback            0x08003401   Thumb Code    52  main.o(.text.HAL_TIM_PeriodElapsedCallback)
    HAL_TIM_TriggerCallback                  0x08003439   Thumb Code     2  stm32l0xx_hal_tim.o(.text.HAL_TIM_TriggerCallback)
    HardFault_Handler                        0x0800343b   Thumb Code     2  stm32l0xx_it.o(.text.HardFault_Handler)
    Initialize_LCD                           0x080037c9   Thumb Code   336  iic_1602.o(.text.Initialize_LCD)
    NMI_Handler                              0x08003919   Thumb Code     2  stm32l0xx_it.o(.text.NMI_Handler)
    PendSV_Handler                           0x0800391b   Thumb Code     2  stm32l0xx_it.o(.text.PendSV_Handler)
    SVC_Handler                              0x0800391d   Thumb Code     2  stm32l0xx_it.o(.text.SVC_Handler)
    SysTick_Handler                          0x0800391f   Thumb Code     8  stm32l0xx_it.o(.text.SysTick_Handler)
    SystemInit                               0x08003927   Thumb Code     2  system_stm32l0xx.o(.text.SystemInit)
    TIM21_IRQHandler                         0x08003929   Thumb Code    12  stm32l0xx_it.o(.text.TIM21_IRQHandler)
    clear_LCD                                0x08003939   Thumb Code   232  iic_1602.o(.text.clear_LCD)
    main                                     0x08003a39   Thumb Code  1368  main.o(.text.main)
    writes                                   0x08003ff9   Thumb Code   112  iic_1602.o(.text.writes)
    __aeabi_uidiv                            0x0800406d   Thumb Code    68  aeabi_sdivfast.o(.text_divfast)
    __aeabi_idiv                             0x080040b1   Thumb Code   434  aeabi_sdivfast.o(.text_divfast)
    __ARM_common_ll_muluu                    0x08004263   Thumb Code    48  btod.o(i.__ARM_common_ll_muluu)
    __ARM_fpclassify                         0x08004295   Thumb Code    40  fpclassify.o(i.__ARM_fpclassify)
    _is_digit                                0x080042c1   Thumb Code    14  __printf_wp.o(i._is_digit)
    _get_lc_numeric                          0x080042d1   Thumb Code    44  lc_numeric_c.o(locale$$code)
    _printf_fp_dec                           0x080042fd   Thumb Code    16  printf1.o(x$fpl$printf1)
    __I$use$fp                               0x0800430c   Number         0  usenofp.o(x$fpl$usenofp)
    AHBPrescTable                            0x080043a0   Data          16  system_stm32l0xx.o(.rodata.AHBPrescTable)
    PLLMulTable                              0x080043b0   Data           9  system_stm32l0xx.o(.rodata.PLLMulTable)
    TBL_7SEG                                 0x080043b9   Data          10  main.o(.rodata.TBL_7SEG)
    Region$$Table$$Base                      0x080043c4   Number         0  anon$$obj.o(Region$$Table)
    Region$$Table$$Limit                     0x080043e4   Number         0  anon$$obj.o(Region$$Table)
    uwTickFreq                               0x20000000   Data           1  stm32l0xx_hal.o(.data..L_MergedGlobals)
    uwTickPrio                               0x20000004   Data           4  stm32l0xx_hal.o(.data..L_MergedGlobals)
    SystemCoreClock                          0x20000008   Data           4  system_stm32l0xx.o(.data.SystemCoreClock)
    __libspace_start                         0x20000010   Data          96  libspace.o(.bss)
    __temporary_stack_top$libspace           0x20000070   Data           0  libspace.o(.bss)
    mode                                     0x20000070   Data           1  main.o(.bss..L_MergedGlobals)
    ScanLine                                 0x20000071   Data           1  main.o(.bss..L_MergedGlobals)
    TimerCnt_Lcd                             0x20000072   Data           2  main.o(.bss..L_MergedGlobals)
    TimerCnt_Scan                            0x20000074   Data           2  main.o(.bss..L_MergedGlobals)
    TimerCnt_Adc                             0x20000076   Data           2  main.o(.bss..L_MergedGlobals)
    adc_v                                    0x20000078   Data           2  main.o(.bss..L_MergedGlobals)
    pwm_duty                                 0x2000007a   Data           2  main.o(.bss..L_MergedGlobals)
    voltage                                  0x2000007c   Data           4  main.o(.bss..L_MergedGlobals)
    htim21                                   0x20000080   Data          64  main.o(.bss..L_MergedGlobals)
    hadc                                     0x200000c0   Data          92  main.o(.bss.hadc)
    hi2c1                                    0x2000011c   Data          84  main.o(.bss.hi2c1)
    htim2                                    0x20000170   Data          64  main.o(.bss.htim2)
    i2c_port                                 0x200001b0   Data          84  iic_1602.o(.bss.i2c_port)
    uwTick                                   0x20000204   Data           4  stm32l0xx_hal.o(.bss.uwTick)



==============================================================================

Memory Map of the image

  Image Entry point : 0x080000c1

  Load Region LR_IROM1 (Base: 0x08000000, Size: 0x00004410, Max: 0x00010000, ABSOLUTE)

    Execution Region ER_IROM1 (Exec base: 0x08000000, Load base: 0x08000000, Size: 0x00004400, Max: 0x00010000, ABSOLUTE)

    Exec Addr    Load Addr    Size         Type   Attr      Idx    E Section Name        Object

    0x08000000   0x08000000   0x000000c0   Data   RO            3    RESET               startup_stm32l053xx.o
    0x080000c0   0x080000c0   0x00000008   Code   RO         1079  * !!!main             c_p.l(__main.o)
    0x080000c8   0x080000c8   0x0000003c   Code   RO         1315    !!!scatter          c_p.l(__scatter.o)
    0x08000104   0x08000104   0x0000001a   Code   RO         1317    !!handler_copy      c_p.l(__scatter_copy.o)
    0x0800011e   0x0800011e   0x00000002   PAD
    0x08000120   0x08000120   0x0000001c   Code   RO         1319    !!handler_zi        c_p.l(__scatter_zi.o)
    0x0800013c   0x0800013c   0x00000002   Code   RO         1064    .ARM.Collect$$_printf_percent$$00000000  c_p.l(_printf_percent.o)
    0x0800013e   0x0800013e   0x0000000a   Code   RO         1063    .ARM.Collect$$_printf_percent$$00000003  c_p.l(_printf_f.o)
    0x08000148   0x08000148   0x0000000a   Code   RO         1062    .ARM.Collect$$_printf_percent$$00000009  c_p.l(_printf_d.o)
    0x08000152   0x08000152   0x00000004   Code   RO         1108    .ARM.Collect$$_printf_percent$$00000017  c_p.l(_printf_percent_end.o)
    0x08000156   0x08000156   0x00000002   Code   RO         1177    .ARM.Collect$$libinit$$00000000  c_p.l(libinit.o)
    0x08000158   0x08000158   0x00000000   Code   RO         1179    .ARM.Collect$$libinit$$00000002  c_p.l(libinit2.o)
    0x08000158   0x08000158   0x00000000   Code   RO         1181    .ARM.Collect$$libinit$$00000004  c_p.l(libinit2.o)
    0x08000158   0x08000158   0x00000000   Code   RO         1183    .ARM.Collect$$libinit$$00000006  c_p.l(libinit2.o)
    0x08000158   0x08000158   0x00000000   Code   RO         1186    .ARM.Collect$$libinit$$0000000C  c_p.l(libinit2.o)
    0x08000158   0x08000158   0x00000000   Code   RO         1188    .ARM.Collect$$libinit$$0000000E  c_p.l(libinit2.o)
    0x08000158   0x08000158   0x00000000   Code   RO         1190    .ARM.Collect$$libinit$$00000010  c_p.l(libinit2.o)
    0x08000158   0x08000158   0x00000006   Code   RO         1191    .ARM.Collect$$libinit$$00000011  c_p.l(libinit2.o)
    0x0800015e   0x0800015e   0x00000000   Code   RO         1193    .ARM.Collect$$libinit$$00000013  c_p.l(libinit2.o)
    0x0800015e   0x0800015e   0x00000000   Code   RO         1195    .ARM.Collect$$libinit$$00000015  c_p.l(libinit2.o)
    0x0800015e   0x0800015e   0x00000000   Code   RO         1197    .ARM.Collect$$libinit$$00000017  c_p.l(libinit2.o)
    0x0800015e   0x0800015e   0x0000000a   Code   RO         1198    .ARM.Collect$$libinit$$00000018  c_p.l(libinit2.o)
    0x08000168   0x08000168   0x00000000   Code   RO         1199    .ARM.Collect$$libinit$$00000019  c_p.l(libinit2.o)
    0x08000168   0x08000168   0x00000000   Code   RO         1201    .ARM.Collect$$libinit$$0000001B  c_p.l(libinit2.o)
    0x08000168   0x08000168   0x00000000   Code   RO         1203    .ARM.Collect$$libinit$$0000001D  c_p.l(libinit2.o)
    0x08000168   0x08000168   0x00000000   Code   RO         1205    .ARM.Collect$$libinit$$0000001F  c_p.l(libinit2.o)
    0x08000168   0x08000168   0x00000000   Code   RO         1207    .ARM.Collect$$libinit$$00000021  c_p.l(libinit2.o)
    0x08000168   0x08000168   0x00000000   Code   RO         1209    .ARM.Collect$$libinit$$00000023  c_p.l(libinit2.o)
    0x08000168   0x08000168   0x00000000   Code   RO         1211    .ARM.Collect$$libinit$$00000025  c_p.l(libinit2.o)
    0x08000168   0x08000168   0x00000000   Code   RO         1213    .ARM.Collect$$libinit$$00000027  c_p.l(libinit2.o)
    0x08000168   0x08000168   0x00000000   Code   RO         1217    .ARM.Collect$$libinit$$0000002E  c_p.l(libinit2.o)
    0x08000168   0x08000168   0x00000000   Code   RO         1219    .ARM.Collect$$libinit$$00000030  c_p.l(libinit2.o)
    0x08000168   0x08000168   0x00000000   Code   RO         1221    .ARM.Collect$$libinit$$00000032  c_p.l(libinit2.o)
    0x08000168   0x08000168   0x00000000   Code   RO         1223    .ARM.Collect$$libinit$$00000034  c_p.l(libinit2.o)
    0x08000168   0x08000168   0x00000002   Code   RO         1224    .ARM.Collect$$libinit$$00000035  c_p.l(libinit2.o)
    0x0800016a   0x0800016a   0x00000002   Code   RO         1280    .ARM.Collect$$libshutdown$$00000000  c_p.l(libshutdown.o)
    0x0800016c   0x0800016c   0x00000000   Code   RO         1298    .ARM.Collect$$libshutdown$$00000002  c_p.l(libshutdown2.o)
    0x0800016c   0x0800016c   0x00000000   Code   RO         1300    .ARM.Collect$$libshutdown$$00000004  c_p.l(libshutdown2.o)
    0x0800016c   0x0800016c   0x00000000   Code   RO         1303    .ARM.Collect$$libshutdown$$00000007  c_p.l(libshutdown2.o)
    0x0800016c   0x0800016c   0x00000000   Code   RO         1306    .ARM.Collect$$libshutdown$$0000000A  c_p.l(libshutdown2.o)
    0x0800016c   0x0800016c   0x00000000   Code   RO         1308    .ARM.Collect$$libshutdown$$0000000C  c_p.l(libshutdown2.o)
    0x0800016c   0x0800016c   0x00000000   Code   RO         1311    .ARM.Collect$$libshutdown$$0000000F  c_p.l(libshutdown2.o)
    0x0800016c   0x0800016c   0x00000002   Code   RO         1312    .ARM.Collect$$libshutdown$$00000010  c_p.l(libshutdown2.o)
    0x0800016e   0x0800016e   0x00000000   Code   RO         1093    .ARM.Collect$$rtentry$$00000000  c_p.l(__rtentry.o)
    0x0800016e   0x0800016e   0x00000000   Code   RO         1113    .ARM.Collect$$rtentry$$00000002  c_p.l(__rtentry2.o)
    0x0800016e   0x0800016e   0x00000006   Code   RO         1125    .ARM.Collect$$rtentry$$00000004  c_p.l(__rtentry4.o)
    0x08000174   0x08000174   0x00000000   Code   RO         1115    .ARM.Collect$$rtentry$$00000009  c_p.l(__rtentry2.o)
    0x08000174   0x08000174   0x00000004   Code   RO         1116    .ARM.Collect$$rtentry$$0000000A  c_p.l(__rtentry2.o)
    0x08000178   0x08000178   0x00000000   Code   RO         1118    .ARM.Collect$$rtentry$$0000000C  c_p.l(__rtentry2.o)
    0x08000178   0x08000178   0x00000008   Code   RO         1119    .ARM.Collect$$rtentry$$0000000D  c_p.l(__rtentry2.o)
    0x08000180   0x08000180   0x00000002   Code   RO         1226    .ARM.Collect$$rtexit$$00000000  c_p.l(rtexit.o)
    0x08000182   0x08000182   0x00000000   Code   RO         1245    .ARM.Collect$$rtexit$$00000002  c_p.l(rtexit2.o)
    0x08000182   0x08000182   0x00000004   Code   RO         1246    .ARM.Collect$$rtexit$$00000003  c_p.l(rtexit2.o)
    0x08000186   0x08000186   0x00000006   Code   RO         1247    .ARM.Collect$$rtexit$$00000004  c_p.l(rtexit2.o)
    0x0800018c   0x0800018c   0x00000038   Code   RO         1065    .emb_text           c_p.l(rt_memcpy.o)
    0x080001c4   0x080001c4   0x00000038   Code   RO            4    .text               startup_stm32l053xx.o
    0x080001fc   0x080001fc   0x00000028   Code   RO         1036    .text               c_p.l(noretval__2sprintf.o)
    0x08000224   0x08000224   0x0000006c   Code   RO         1040    .text               c_p.l(_printf_dec.o)
    0x08000290   0x08000290   0x0000010e   Code   RO         1050    .text               c_p.l(__printf_wp.o)
    0x0800039e   0x0800039e   0x00000002   PAD
    0x080003a0   0x080003a0   0x000001f8   Code   RO         1069    .text               c_p.l(aeabi_sdivfast.o)
    0x08000598   0x08000598   0x00000006   Code   RO         1077    .text               c_p.l(heapauxi.o)
    0x0800059e   0x0800059e   0x00000002   PAD
    0x080005a0   0x080005a0   0x0000007c   Code   RO         1081    .text               fz_ps.l(d2f.o)
    0x0800061c   0x0800061c   0x0000006c   Code   RO         1083    .text               fz_ps.l(dfixi.o)
    0x08000688   0x08000688   0x00000058   Code   RO         1085    .text               fz_ps.l(dflti.o)
    0x080006e0   0x080006e0   0x00000248   Code   RO         1087    .text               fz_ps.l(dmul.o)
    0x08000928   0x08000928   0x00000054   Code   RO         1089    .text               fz_ps.l(f2d.o)
    0x0800097c   0x0800097c   0x000000b0   Code   RO         1098    .text               c_p.l(_printf_intcommon.o)
    0x08000a2c   0x08000a2c   0x00000414   Code   RO         1100    .text               c_p.l(_printf_fp_dec.o)
    0x08000e40   0x08000e40   0x00000030   Code   RO         1104    .text               c_p.l(_printf_char_common.o)
    0x08000e70   0x08000e70   0x0000000a   Code   RO         1106    .text               c_p.l(_sputc.o)
    0x08000e7a   0x08000e7a   0x00000028   Code   RO         1109    .text               c_p.l(rtudiv10.o)
    0x08000ea2   0x08000ea2   0x00000002   PAD
    0x08000ea4   0x08000ea4   0x00000008   Code   RO         1132    .text               c_p.l(rt_locale_intlibspace.o)
    0x08000eac   0x08000eac   0x0000007a   Code   RO         1134    .text               c_p.l(lludiv10.o)
    0x08000f26   0x08000f26   0x00000002   PAD
    0x08000f28   0x08000f28   0x00000088   Code   RO         1136    .text               c_p.l(_printf_fp_infnan.o)
    0x08000fb0   0x08000fb0   0x000000d8   Code   RO         1140    .text               c_p.l(bigflt0.o)
    0x08001088   0x08001088   0x00000580   Code   RO         1143    .text               c_p.l(btod.o)
    0x08001608   0x08001608   0x00000008   Code   RO         1156    .text               c_p.l(libspace.o)
    0x08001610   0x08001610   0x0000003e   Code   RO         1159    .text               c_p.l(sys_stackheap_outer.o)
    0x0800164e   0x0800164e   0x00000010   Code   RO         1164    .text               c_p.l(exit.o)
    0x0800165e   0x0800165e   0x00000002   PAD
    0x08001660   0x08001660   0x000000b0   Code   RO         1170    .text               c_p.l(strcmpv6m.o)
    0x08001710   0x08001710   0x0000000c   Code   RO         1240    .text               c_p.l(sys_exit.o)
    0x0800171c   0x0800171c   0x00000002   Code   RO         1267    .text               c_p.l(use_no_semi.o)
    0x0800171e   0x0800171e   0x00000000   Code   RO         1269    .text               c_p.l(indicate_semi.o)
    0x0800171e   0x0800171e   0x00000002   PAD
    0x08001720   0x08001720   0x000000b4   Code   RO           92    .text.ADC_Enable    stm32l0xx_hal_adc.o
    0x080017d4   0x080017d4   0x0000000a   Code   RO           47    .text.EXTI0_1_IRQHandler  stm32l0xx_it.o
    0x080017de   0x080017de   0x000000a8   Code   RO          142    .text.HAL_ADCEx_Calibration_Start  stm32l0xx_hal_adc_ex.o
    0x08001886   0x08001886   0x00000002   PAD
    0x08001888   0x08001888   0x0000010c   Code   RO          126    .text.HAL_ADC_ConfigChannel  stm32l0xx_hal_adc.o
    0x08001994   0x08001994   0x00000006   Code   RO          114    .text.HAL_ADC_GetValue  stm32l0xx_hal_adc.o
    0x0800199a   0x0800199a   0x00000002   PAD
    0x0800199c   0x0800199c   0x000001c0   Code   RO           82    .text.HAL_ADC_Init  stm32l0xx_hal_adc.o
    0x08001b5c   0x08001b5c   0x00000050   Code   RO           60    .text.HAL_ADC_MspInit  stm32l0xx_hal_msp.o
    0x08001bac   0x08001bac   0x00000128   Code   RO           96    .text.HAL_ADC_PollForConversion  stm32l0xx_hal_adc.o
    0x08001cd4   0x08001cd4   0x00000058   Code   RO           90    .text.HAL_ADC_Start  stm32l0xx_hal_adc.o
    0x08001d2c   0x08001d2c   0x00000024   Code   RO          184    .text.HAL_Delay     stm32l0xx_hal.o
    0x08001d50   0x08001d50   0x00000034   Code   RO           21    .text.HAL_GPIO_EXTI_Callback  main.o
    0x08001d84   0x08001d84   0x00000018   Code   RO          593    .text.HAL_GPIO_EXTI_IRQHandler  stm32l0xx_hal_gpio.o
    0x08001d9c   0x08001d9c   0x00000194   Code   RO          581    .text.HAL_GPIO_Init  stm32l0xx_hal_gpio.o
    0x08001f30   0x08001f30   0x00000010   Code   RO          587    .text.HAL_GPIO_WritePin  stm32l0xx_hal_gpio.o
    0x08001f40   0x08001f40   0x00000008   Code   RO          176    .text.HAL_GetTick   stm32l0xx_hal.o
    0x08001f48   0x08001f48   0x00000042   Code   RO          390    .text.HAL_I2CEx_ConfigAnalogFilter  stm32l0xx_hal_i2c_ex.o
    0x08001f8a   0x08001f8a   0x00000042   Code   RO          392    .text.HAL_I2CEx_ConfigDigitalFilter  stm32l0xx_hal_i2c_ex.o
    0x08001fcc   0x08001fcc   0x000000a8   Code   RO          236    .text.HAL_I2C_Init  stm32l0xx_hal_i2c.o
    0x08002074   0x08002074   0x0000019c   Code   RO          244    .text.HAL_I2C_Master_Transmit  stm32l0xx_hal_i2c.o
    0x08002210   0x08002210   0x00000054   Code   RO           64    .text.HAL_I2C_MspInit  stm32l0xx_hal_msp.o
    0x08002264   0x08002264   0x00000014   Code   RO          174    .text.HAL_IncTick   stm32l0xx_hal.o
    0x08002278   0x08002278   0x00000028   Code   RO          164    .text.HAL_Init      stm32l0xx_hal.o
    0x080022a0   0x080022a0   0x00000044   Code   RO          166    .text.HAL_InitTick  stm32l0xx_hal.o
    0x080022e4   0x080022e4   0x00000018   Code   RO           58    .text.HAL_MspInit   stm32l0xx_hal_msp.o
    0x080022fc   0x080022fc   0x00000018   Code   RO          703    .text.HAL_NVIC_EnableIRQ  stm32l0xx_hal_cortex.o
    0x08002314   0x08002314   0x00000038   Code   RO          701    .text.HAL_NVIC_SetPriority  stm32l0xx_hal_cortex.o
    0x0800234c   0x0800234c   0x00000208   Code   RO          444    .text.HAL_RCCEx_PeriphCLKConfig  stm32l0xx_hal_rcc_ex.o
    0x08002554   0x08002554   0x00000240   Code   RO          416    .text.HAL_RCC_ClockConfig  stm32l0xx_hal_rcc.o
    0x08002794   0x08002794   0x00000584   Code   RO          412    .text.HAL_RCC_OscConfig  stm32l0xx_hal_rcc.o
    0x08002d18   0x08002d18   0x00000034   Code   RO          709    .text.HAL_SYSTICK_Config  stm32l0xx_hal_cortex.o
    0x08002d4c   0x08002d4c   0x0000004c   Code   RO          984    .text.HAL_TIMEx_MasterConfigSynchronization  stm32l0xx_hal_tim_ex.o
    0x08002d98   0x08002d98   0x00000098   Code   RO          765    .text.HAL_TIM_Base_Init  stm32l0xx_hal_tim.o
    0x08002e30   0x08002e30   0x00000040   Code   RO           68    .text.HAL_TIM_Base_MspInit  stm32l0xx_hal_msp.o
    0x08002e70   0x08002e70   0x00000050   Code   RO          777    .text.HAL_TIM_Base_Start_IT  stm32l0xx_hal_tim.o
    0x08002ec0   0x08002ec0   0x0000015c   Code   RO          935    .text.HAL_TIM_ConfigClockSource  stm32l0xx_hal_tim.o
    0x0800301c   0x0800301c   0x00000002   Code   RO          897    .text.HAL_TIM_IC_CaptureCallback  stm32l0xx_hal_tim.o
    0x0800301e   0x0800301e   0x00000116   Code   RO          895    .text.HAL_TIM_IRQHandler  stm32l0xx_hal_tim.o
    0x08003134   0x08003134   0x00000044   Code   RO           70    .text.HAL_TIM_MspPostInit  stm32l0xx_hal_msp.o
    0x08003178   0x08003178   0x00000002   Code   RO          899    .text.HAL_TIM_OC_DelayElapsedCallback  stm32l0xx_hal_tim.o
    0x0800317a   0x0800317a   0x00000002   PAD
    0x0800317c   0x0800317c   0x00000150   Code   RO          911    .text.HAL_TIM_PWM_ConfigChannel  stm32l0xx_hal_tim.o
    0x080032cc   0x080032cc   0x00000098   Code   RO          815    .text.HAL_TIM_PWM_Init  stm32l0xx_hal_tim.o
    0x08003364   0x08003364   0x00000002   Code   RO          817    .text.HAL_TIM_PWM_MspInit  stm32l0xx_hal_tim.o
    0x08003366   0x08003366   0x00000002   Code   RO          901    .text.HAL_TIM_PWM_PulseFinishedCallback  stm32l0xx_hal_tim.o
    0x08003368   0x08003368   0x00000098   Code   RO          823    .text.HAL_TIM_PWM_Start  stm32l0xx_hal_tim.o
    0x08003400   0x08003400   0x00000038   Code   RO           19    .text.HAL_TIM_PeriodElapsedCallback  main.o
    0x08003438   0x08003438   0x00000002   Code   RO          905    .text.HAL_TIM_TriggerCallback  stm32l0xx_hal_tim.o
    0x0800343a   0x0800343a   0x00000002   Code   RO           39    .text.HardFault_Handler  stm32l0xx_it.o
    0x0800343c   0x0800343c   0x00000180   Code   RO          380    .text.I2C_IsErrorOccurred  stm32l0xx_hal_i2c.o
    0x080035bc   0x080035bc   0x000000de   Code   RO          246    .text.I2C_WaitOnFlagUntilTimeout  stm32l0xx_hal_i2c.o
    0x0800369a   0x0800369a   0x00000086   Code   RO          250    .text.I2C_WaitOnSTOPFlagUntilTimeout  stm32l0xx_hal_i2c.o
    0x08003720   0x08003720   0x000000a6   Code   RO          248    .text.I2C_WaitOnTXISFlagUntilTimeout  stm32l0xx_hal_i2c.o
    0x080037c6   0x080037c6   0x00000002   PAD
    0x080037c8   0x080037c8   0x00000150   Code   RO         1020    .text.Initialize_LCD  iic_1602.o
    0x08003918   0x08003918   0x00000002   Code   RO           37    .text.NMI_Handler   stm32l0xx_it.o
    0x0800391a   0x0800391a   0x00000002   Code   RO           43    .text.PendSV_Handler  stm32l0xx_it.o
    0x0800391c   0x0800391c   0x00000002   Code   RO           41    .text.SVC_Handler   stm32l0xx_it.o
    0x0800391e   0x0800391e   0x00000008   Code   RO           45    .text.SysTick_Handler  stm32l0xx_it.o
    0x08003926   0x08003926   0x00000002   Code   RO          996    .text.SystemInit    system_stm32l0xx.o
    0x08003928   0x08003928   0x00000010   Code   RO           49    .text.TIM21_IRQHandler  stm32l0xx_it.o
    0x08003938   0x08003938   0x00000100   Code   RO         1022    .text.clear_LCD     iic_1602.o
    0x08003a38   0x08003a38   0x000005c0   Code   RO           11    .text.main          main.o
    0x08003ff8   0x08003ff8   0x00000074   Code   RO         1018    .text.writes        iic_1602.o
    0x0800406c   0x0800406c   0x000001f6   Code   RO         1070    .text_divfast       c_p.l(aeabi_sdivfast.o)
    0x08004262   0x08004262   0x00000030   Code   RO         1145    i.__ARM_common_ll_muluu  c_p.l(btod.o)
    0x08004292   0x08004292   0x00000002   PAD
    0x08004294   0x08004294   0x0000002c   Code   RO         1154    i.__ARM_fpclassify  m_ps.l(fpclassify.o)
    0x080042c0   0x080042c0   0x0000000e   Code   RO         1052    i._is_digit         c_p.l(__printf_wp.o)
    0x080042ce   0x080042ce   0x00000002   PAD
    0x080042d0   0x080042d0   0x0000002c   Code   RO         1150    locale$$code        c_p.l(lc_numeric_c.o)
    0x080042fc   0x080042fc   0x00000010   Code   RO         1091    x$fpl$printf1       fz_ps.l(printf1.o)
    0x0800430c   0x0800430c   0x00000000   Code   RO         1111    x$fpl$usenofp       fz_ps.l(usenofp.o)
    0x0800430c   0x0800430c   0x00000094   Data   RO         1141    .constdata          c_p.l(bigflt0.o)
    0x080043a0   0x080043a0   0x00000010   Data   RO         1001    .rodata.AHBPrescTable  system_stm32l0xx.o
    0x080043b0   0x080043b0   0x00000009   Data   RO         1003    .rodata.PLLMulTable  system_stm32l0xx.o
    0x080043b9   0x080043b9   0x0000000a   Data   RO           23    .rodata.TBL_7SEG    main.o
    0x080043c3   0x080043c3   0x00000001   PAD
    0x080043c4   0x080043c4   0x00000020   Data   RO         1314    Region$$Table       anon$$obj.o
    0x080043e4   0x080043e4   0x0000001c   Data   RO         1149    locale$$data        c_p.l(lc_numeric_c.o)


    Execution Region RW_IRAM1 (Exec base: 0x20000000, Load base: 0x08004400, Size: 0x00000808, Max: 0x00002000, ABSOLUTE)

    Exec Addr    Load Addr    Size         Type   Attr      Idx    E Section Name        Object

    0x20000000   0x08004400   0x00000008   Data   RW          227    .data..L_MergedGlobals  stm32l0xx_hal.o
    0x20000008   0x08004408   0x00000004   Data   RW         1000    .data.SystemCoreClock  system_stm32l0xx.o
    0x2000000c   0x0800440c   0x00000004   PAD
    0x20000010        -       0x00000060   Zero   RW         1157    .bss                c_p.l(libspace.o)
    0x20000070        -       0x00000050   Zero   RW           28    .bss..L_MergedGlobals  main.o
    0x200000c0        -       0x0000005c   Zero   RW           25    .bss.hadc           main.o
    0x2000011c        -       0x00000054   Zero   RW           26    .bss.hi2c1          main.o
    0x20000170        -       0x00000040   Zero   RW           24    .bss.htim2          main.o
    0x200001b0        -       0x00000054   Zero   RW         1024    .bss.i2c_port       iic_1602.o
    0x20000204        -       0x00000004   Zero   RW          226    .bss.uwTick         stm32l0xx_hal.o
    0x20000208        -       0x00000200   Zero   RW            2    HEAP                startup_stm32l053xx.o
    0x20000408        -       0x00000400   Zero   RW            1    STACK               startup_stm32l053xx.o


==============================================================================

Image component sizes


      Code (inc. data)   RO Data    RW Data    ZI Data      Debug   Object Name

       708         28          0          0         84       7920   iic_1602.o
      1580        156         10          0        320      14219   main.o
        56         26        192          0       1536        636   startup_stm32l053xx.o
       172         20          0          8          4       6706   stm32l0xx_hal.o
      1286         32          0          0          0      14455   stm32l0xx_hal_adc.o
       168          0          0          0          0       5419   stm32l0xx_hal_adc_ex.o
       132         24          0          0          0       6610   stm32l0xx_hal_cortex.o
       444         20          0          0          0       5162   stm32l0xx_hal_gpio.o
      1486         40          0          0          0      62392   stm32l0xx_hal_i2c.o
       132          0          0          0          0       5451   stm32l0xx_hal_i2c_ex.o
       320         32          0          0          0       9352   stm32l0xx_hal_msp.o
      1988         96          0          0          0       9626   stm32l0xx_hal_rcc.o
       520          8          0          0          0       8423   stm32l0xx_hal_rcc_ex.o
      1508         24          0          0          0      54553   stm32l0xx_hal_tim.o
        76          0          0          0          0       4398   stm32l0xx_hal_tim_ex.o
        42          4          0          0          0       1774   stm32l0xx_it.o
         2          0         25          4          0       2172   system_stm32l0xx.o

    ----------------------------------------------------------------------
     10628        510        260         12       1948     219268   Object Totals
         0          0         32          0          0          0   (incl. Generated)
         8          0          1          0          4          0   (incl. Padding)

    ----------------------------------------------------------------------

      Code (inc. data)   RO Data    RW Data    ZI Data      Debug   Library Member Name

         8          0          0          0          0         68   __main.o
       284          0          0          0          0        136   __printf_wp.o
         0          0          0          0          0          0   __rtentry.o
        12          0          0          0          0          0   __rtentry2.o
         6          0          0          0          0          0   __rtentry4.o
        60          8          0          0          0          0   __scatter.o
        26          0          0          0          0          0   __scatter_copy.o
        28          0          0          0          0          0   __scatter_zi.o
        48          6          0          0          0         88   _printf_char_common.o
        10          0          0          0          0          0   _printf_d.o
       108         18          0          0          0         76   _printf_dec.o
        10          0          0          0          0          0   _printf_f.o
      1044         12          0          0          0        116   _printf_fp_dec.o
       136         16          0          0          0         76   _printf_fp_infnan.o
       176          0          0          0          0         84   _printf_intcommon.o
         2          0          0          0          0          0   _printf_percent.o
         4          0          0          0          0          0   _printf_percent_end.o
        10          0          0          0          0         60   _sputc.o
      1006          4          0          0          0        184   aeabi_sdivfast.o
       216          6        148          0          0         80   bigflt0.o
      1456         30          0          0          0        336   btod.o
        16          0          0          0          0         68   exit.o
         6          0          0          0          0        136   heapauxi.o
         0          0          0          0          0          0   indicate_semi.o
        44         10         28          0          0         76   lc_numeric_c.o
         2          0          0          0          0          0   libinit.o
        18          0          0          0          0          0   libinit2.o
         2          0          0          0          0          0   libshutdown.o
         2          0          0          0          0          0   libshutdown2.o
         8          4          0          0         96         68   libspace.o
       122          0          0          0          0         72   lludiv10.o
        40          4          0          0          0         84   noretval__2sprintf.o
         8          4          0          0          0         68   rt_locale_intlibspace.o
        56          0          0          0          0         68   rt_memcpy.o
         2          0          0          0          0          0   rtexit.o
        10          0          0          0          0          0   rtexit2.o
        40          0          0          0          0         60   rtudiv10.o
       176          4          0          0          0         80   strcmpv6m.o
        12          4          0          0          0         60   sys_exit.o
        62          0          0          0          0         80   sys_stackheap_outer.o
         2          0          0          0          0         68   use_no_semi.o
       124          4          0          0          0         72   d2f.o
       108         10          0          0          0         72   dfixi.o
        88          0          0          0          0         92   dflti.o
       584         26          0          0          0         84   dmul.o
        84          4          0          0          0         60   f2d.o
        16          4          0          0          0         76   printf1.o
         0          0          0          0          0          0   usenofp.o
        44          4          0          0          0         60   fpclassify.o

    ----------------------------------------------------------------------
      6344        182        176          0         96       2808   Library Totals
        18          0          0          0          0          0   (incl. Padding)

    ----------------------------------------------------------------------

      Code (inc. data)   RO Data    RW Data    ZI Data      Debug   Library Name

      5278        130        176          0         96       2292   c_p.l
      1004         48          0          0          0        456   fz_ps.l
        44          4          0          0          0         60   m_ps.l

    ----------------------------------------------------------------------
      6344        182        176          0         96       2808   Library Totals

    ----------------------------------------------------------------------

==============================================================================


      Code (inc. data)   RO Data    RW Data    ZI Data      Debug   

     16972        692        436         12       2044     220440   Grand Totals
     16972        692        436         12       2044     220440   ELF Image Totals
     16972        692        436         12          0          0   ROM Totals

==============================================================================

    Total RO  Size (Code + RO Data)                17408 (  17.00kB)
    Total RW  Size (RW Data + ZI Data)              2056 (   2.01kB)
    Total ROM Size (Code + RO Data + RW Data)      17420 (  17.01kB)

==============================================================================

